mysql> show databases;
+-----------------------------+
| Database                    |
+-----------------------------+
| 17thsep_procedure_function  |
| hosiptal_record_assign3     |
| information_schema          |
| library                     |
| moviedb                     |
| mysql                       |
| performance_schema          |
| sakila                      |
| sys                         |
| t20worldcup_2021_grpa_prac2 |
| world                       |
+-----------------------------+
11 rows in set (0.01 sec)

mysql> use moviedb;
Database changed
mysql> show tables;
+-------------------+
| Tables_in_moviedb |
+-------------------+
| award             |
| person            |
| personsnominated  |
+-------------------+
3 rows in set (0.01 sec)

mysql> CREATE TABLE Shows(
    ->     Show_Id INTEGER NOT NULL AUTO_INCREMENT,
    ->     Title VARCHAR(30),
    ->     Language VARCHAR(30),
    ->     Ranking INTEGER,
    ->     Rating FLOAT,
    ->     Certification VARCHAR (10),
    ->     Budget INTEGER,
    ->     Release_Countries VARCHAR(30),
    ->     Locations_Made_In VARCHAR(30),
    ->     PRIMARY KEY(Show_Id),
    ->     VALUE char(1) not null,
    ->     CHECK (VALUE IN ('U','U/A','A','PG-13'))
    -> );
Query OK, 0 rows affected (0.03 sec)

mysql> CREATE TABLE PersonsNominated(
    ->     Person_Id INTEGER NOT NULL,
    ->     Award_Id INTEGER NOT NULL,
    ->     PRIMARY KEY(Person_Id, Award_Id),
    ->     FOREIGN KEY(Person_Id) REFERENCES Person(Person_Id),
    ->     FOREIGN KEY(Award_Id) REFERENCES Award(Award_Id)
    -> );
ERROR 1050 (42S01): Table 'personsnominated' already exists
mysql> CREATE TABLE ShowsNominated(
    ->     Show_Id INTEGER NOT NULL,
    ->     Award_Id INTEGER NOT NULL,
    ->     PRIMARY KEY(Show_Id, Award_Id),
    ->     FOREIGN KEY(Show_Id) REFERENCES Shows(Show_Id),
    ->     FOREIGN KEY(Award_Id) REFERENCES Award(Award_Id)
    -> );
Query OK, 0 rows affected (0.04 sec)

mysql> CREATE TABLE Organization(
    ->     Organization_Id INTEGER NOT NULL,
    ->     Name VARCHAR(100),
    ->     PRIMARY KEY(Organization_Id)
    -> );
Query OK, 0 rows affected (0.03 sec)

mysql> CREATE TABLE Presented_By(
    ->     Award_Id INTEGER NOT NULL,
    ->     Organization_Id INTEGER NOT NULL,
    ->     PRIMARY KEY(Award_Id),
    ->     FOREIGN KEY(Award_Id) REFERENCES Award(Award_Id),
    ->     FOREIGN KEY(Organization_Id) REFERENCES Organization(Organization_Id)
    -> );
Query OK, 0 rows affected (0.03 sec)

mysql> CREATE TABLE Won_by(
    ->     Award_Id INTEGER NOT NULL,
    ->     Person_Id INTEGER,
    ->     Show_Id INTEGER,
    ->     PRIMARY KEY(Award_Id),
    ->     FOREIGN KEY(Award_Id) REFERENCES Awards(Award_Id),
    ->     FOREIGN KEY(Person_Id) REFERENCES Person(Person_Id),
    ->     FOREIGN KEY(Show_Id) REFERENCES Shows(Show_Id)
    -> );
ERROR 1824 (HY000): Failed to open the referenced table 'awards'
mysql> show tables;
+-------------------+
| Tables_in_moviedb |
+-------------------+
| award             |
| organization      |
| person            |
| personsnominated  |
| presented_by      |
| shows             |
| showsnominated    |
+-------------------+
7 rows in set (0.00 sec)

mysql> CREATE TABLE Won_by(
    ->     Award_Id INTEGER NOT NULL,
    ->     Person_Id INTEGER,
    ->     Show_Id INTEGER,
    ->     PRIMARY KEY(Award_Id),
    ->     FOREIGN KEY(Award_Id) REFERENCES Award(Award_Id),
    ->     FOREIGN KEY(Person_Id) REFERENCES Person(Person_Id),
    ->     FOREIGN KEY(Show_Id) REFERENCES Shows(Show_Id)
    -> );
Query OK, 0 rows affected (0.04 sec)

mysql> CREATE TABLE Actor(
    ->     Person_Id INTEGER NOT NULL,
    ->     Screen_Name VARCHAR(30),
    ->     Stage_Name VARCHAR(30),
    ->     Net_Worth INTEGER,
    ->     Since_Year INTEGER,
    ->     PRIMARY KEY(Person_Id),
    ->     FOREIGN KEY(Person_Id) REFERENCES Person(Person_Id) ON DELETE CASCADE
    -> );
Query OK, 0 rows affected (0.03 sec)

mysql> CREATE TABLE Acting(
    ->     Actor_Id INTEGER NOT NULL,
    ->     Show_Id INTEGER NOT NULL,
    ->     Role_First_Name VARCHAR(50),
    ->     Role_Last_Name VARCHAR(50),
    ->     PRIMARY KEY(Actor_Id,Show_Id),
    ->     FOREIGN KEY(Actor_Id) REFERENCES Actor(Person_Id) ON DELETE CASCADE,
    ->     FOREIGN KEY(Show_Id) REFERENCES Shows(Show_Id) ON DELETE CASCADE
    -> );
Query OK, 0 rows affected (0.03 sec)

mysql> CREATE TABLE Director(
    ->     Person_Id INTEGER NOT NULL,
    ->     Direction_Type VARCHAR(10),
    ->     Since_Year INTEGER,
    ->     PRIMARY KEY(Person_Id),
    ->     CHECK (Direction_Type IN(‘Music’,’Movie’,’Dance’,’Art’)),
    ->     FOREIGN KEY(Person_Id) REFERENCES Person(Person_Id) ON DELETE CASCADE
    -> );
ERROR 1064 (42000): You have an error in your SQL syntax; check the manual that corresponds to your MySQL server version for the right syntax to use near '?Music?,?Movie?,?Dance?,?Art?)),
    FOREIGN KEY(Person_Id) REFERENCES Person(Pe' at line 6
mysql> CREATE TABLE Director(
    ->     Person_Id INTEGER NOT NULL,
    ->     Direction_Type VARCHAR(10),
    ->     Since_Year INTEGER,
    ->     PRIMARY KEY(Person_Id),
    ->     CHECK (Direction_Type IN('Music','Movie','Dance','Art')),
    ->     FOREIGN KEY(Person_Id) REFERENCES Person(Person_Id) ON DELETE CASCADE
    -> );
Query OK, 0 rows affected (0.03 sec)

mysql> CREATE TABLE Direction(
    ->     Director_Id INTEGER NOT NULL,
    ->     Show_Id INTEGER NOT NULL,
    ->     PRIMARY KEY(Director_Id,Show_Id),
    ->     FOREIGN KEY(Director_Id) REFERENCES Director(Person_Id) ON DELETE CASCADE,
    ->     FOREIGN KEY(Show_Id) REFERENCES Shows(Show_Id) ON DELETE CASCADE
    -> );
Query OK, 0 rows affected (0.03 sec)

mysql> CREATE TABLE Producer(
    ->     Person_Id INTEGER NOT NULL,
    ->     PRIMARY KEY(Person_Id),
    ->     FOREIGN KEY(Person_Id) REFERENCES Person(Person_Id) ON DELETE CASCADE
    -> );
Query OK, 0 rows affected (0.04 sec)

mysql> CREATE TABLE Production_Company(
    ->     Production_company_Id INTEGER NOT NULL,
    ->     Name VARCHAR(30),
    ->     Location VARCHAR(30),
    ->     Address VARCHAR(200),
    ->     PRIMARY KEY(Production_company_Id)
    -> );
Query OK, 0 rows affected (0.02 sec)

mysql> CREATE TABLE Produces(
    ->     Production_company_Id INTEGER NOT NULL,
    ->     Show_Id INTEGER NOT NULL,
    ->     FOREIGN KEY(Show_Id) REFERENCES Shows(Show_Id) ON DELETE CASCADE,
    ->     FOREIGN KEY(Production_company_Id) REFERENCES Production_Company(Production_company_Id) ON DELETE CASCADE,
    ->     PRIMARY KEY(Production_company_Id,Show_Id)
    -> );
Query OK, 0 rows affected (0.03 sec)

mysql> CREATE TABLE Owns(
    ->     Producer_Id INTEGER NOT NULL,
    ->     Production_company_Id INTEGER NOT NULL,
    ->     FOREIGN KEY(Producer_Id) REFERENCES Producer(Person_Id) ON DELETE CASCADE,
    ->     FOREIGN KEY(Production_company_Id) REFERENCES Production_Company(Production_company_Id) ON DELETE CASCADE,
    ->     PRIMARY KEY(Producer_Id,Production_company_Id)
    -> );
Query OK, 0 rows affected (0.03 sec)

mysql> CREATE TABLE Writer(
    ->     Person_Id INTEGER NOT NULL,
    ->     PRIMARY KEY(Person_Id),
    ->     FOREIGN KEY(Person_Id) REFERENCES Person(Person_Id) ON DELETE CASCADE
    -> );
Query OK, 0 rows affected (0.03 sec)

mysql> CREATE TABLE Written(
    ->     Writer_Id INTEGER NOT NULL,
    ->     Show_Id INTEGER NOT NULL,
    ->     PRIMARY KEY(Writer_Id,Show_Id),
    ->     FOREIGN KEY(Writer_Id) REFERENCES Writer(Person_Id) ON DELETE CASCADE,
    ->     FOREIGN KEY(Show_Id) REFERENCES Shows(Show_Id) ON DELETE CASCADE
    -> );
Query OK, 0 rows affected (0.03 sec)

mysql> CREATE TABLE Cinematographer(
    ->     Person_Id INTEGER NOT NULL,
    ->     PRIMARY KEY(Person_Id),
    ->     FOREIGN KEY(Person_Id) REFERENCES Person(Person_Id) ON DELETE CASCADE
    -> );
Query OK, 0 rows affected (0.03 sec)

mysql> CREATE TABLE Shooting(
    ->     Cinematographer_Id INTEGER NOT NULL,
    ->     Show_Id INTEGER NOT NULL,
    ->     PRIMARY KEY(Cinematographer_Id ,Show_Id),
    ->     FOREIGN KEY(Cinematographer_Id) REFERENCES Cinematographer(Person_Id) ON DELETE CASCADE,
    ->     FOREIGN KEY(Show_Id) REFERENCES Shows(Show_Id) ON DELETE CASCADE
    -> );
Query OK, 0 rows affected (0.03 sec)

mysql> CREATE TABLE Editor(
    ->     Person_Id INTEGER NOT NULL,
    ->     PRIMARY KEY(Person_Id),
    ->     FOREIGN KEY(Person_Id) REFERENCES Person(Person_Id) ON DELETE CASCADE
    -> );
Query OK, 0 rows affected (0.03 sec)

mysql> CREATE TABLE Editing(
    ->     Editor_Id INTEGER NOT NULL,
    ->     Show_Id INTEGER NOT NULL,
    ->     Software_used VARCHAR(100),
    ->     PRIMARY KEY(Editor_Id ,Show_Id),
    ->     FOREIGN KEY(Editor_Id) REFERENCES Editor(Person_Id) ON DELETE CASCADE,
    ->     FOREIGN KEY(Show_Id) REFERENCES Shows(Show_Id) ON DELETE CASCADE
    -> );
Query OK, 0 rows affected (0.03 sec)

mysql> CREATE TABLE Distributor(
    ->     Person_Id INTEGER NOT NULL,
    ->     PRIMARY KEY(Person_Id),
    ->     FOREIGN KEY(Person_Id) REFERENCES Person(Person_Id) ON DELETE CASCADE
    -> );
Query OK, 0 rows affected (0.03 sec)

mysql> CREATE TABLE Distributing(
    ->     Distributor_Id Integer NOT NULL,
    ->     Show_Id Integer NOT NULL,
    ->     PRIMARY KEY(Distributor_Id ,Show_Id),
    ->     FOREIGN KEY(Distributor_Id ) REFERENCES Distributor(Person_Id) ON DELETE CASCADE,
    ->     FOREIGN KEY(Show_Id) REFERENCES Shows(Show_Id) ON DELETE CASCADE
    -> );
Query OK, 0 rows affected (0.03 sec)

mysql> CREATE TABLE User(
    ->     Person_Id INTEGER NOT NULL,
    ->     User_Id VARCHAR(30),
    ->     PRIMARY KEY(Person_Id),
    ->     UNIQUE(User_Id),
    ->     FOREIGN KEY(Person_Id) REFERENCES Person(Person_Id) ON DELETE CASCADE
    -> );
Query OK, 0 rows affected (0.03 sec)

mysql> CREATE TABLE Critic(
    ->     Person_Id INTEGER NOT NULL,
    ->     User_Id VARCHAR(30),
    ->     PRIMARY KEY(Person_Id),
    ->     FOREIGN KEY(Person_Id) REFERENCES User(Person_Id) ON DELETE CASCADE
    -> );
Query OK, 0 rows affected (0.03 sec)

mysql> CREATE TABLE Regular_User(
    ->     Person_Id INTEGER NOT NULL,
    ->     User_Id VARCHAR(30) NOT NULL,
    ->     PRIMARY KEY(User_Id),
    ->     FOREIGN KEY(Person_Id) REFERENCES User(Person_Id) ON DELETE CASCADE
    -> );
Query OK, 0 rows affected (0.03 sec)

mysql> CREATE TABLE Reviews(
    ->     Review_Id INTEGER NOT NULL,
    ->     User_Id VARCHAR(30) NOT NULL,
    ->     Show_Id Integer NOT NULL,
    ->     UP_Votes INTEGER,
    ->     Down_Votes INTEGER,
    ->     Rating FLOAT,
    ->     Review_Description VARCHAR(20000),
    ->     Reviwed_Date DATE,
    ->     PRIMARY KEY(Review_Id),
    ->     FOREIGN KEY(User_Id) REFERENCES User(User_Id) ON DELETE CASCADE
    -> );
ERROR 1074 (42000): Column length too big for column 'Review_Description' (max = 16383); use BLOB or TEXT instead
mysql> CREATE TABLE Reviews(
    ->     Review_Id INTEGER NOT NULL,
    ->     User_Id VARCHAR(30) NOT NULL,
    ->     Show_Id Integer NOT NULL,
    ->     UP_Votes INTEGER,
    ->     Down_Votes INTEGER,
    ->     Rating FLOAT,
    ->     Review_Description VARCHAR(16300),
    ->     Reviwed_Date DATE,
    ->     PRIMARY KEY(Review_Id),
    ->     FOREIGN KEY(User_Id) REFERENCES User(User_Id) ON DELETE CASCADE
    -> );
Query OK, 0 rows affected (0.03 sec)

mysql> CREATE TABLE Movies(
    ->     Show_Id INTEGER NOT NULL,
    ->     Duration FLOAT,
    ->     Release_Date DATE,
    ->     Year INTEGER,
    ->     PRIMARY KEY(Show_Id),
    ->     FOREIGN KEY(Show_Id) REFERENCES Shows(Show_Id) ON DELETE CASCADE
    -> );
Query OK, 0 rows affected (0.04 sec)

mysql> CREATE TABLE Box_Office_Collections(
    ->     Movie_Id INTEGER NOT NULL,
    ->     First_Week_Collections FLOAT,
    ->     Overall_USA_Collections FLOAT,
    ->     Overall_Worldwide_Collections FLOAT,
    ->     Currency VARCHAR(10),
    ->     PRIMARY KEY(Movie_Id),
    ->     FOREIGN KEY(Movie_Id) REFERENCES Movies(Show_Id) ON DELETE CASCADE
    -> );
Query OK, 0 rows affected (0.03 sec)

mysql> CREATE TABLE TVSeries(
    ->     Show_Id INTEGER NOT NULL,
    ->     Start_date DATE,
    ->     End_date DATE,
    ->     Air_Channel VARCHAR(50),
    ->     Air_Day VARCHAR(30),
    ->     Air_time TIME,
    ->     FOREIGN KEY(Show_Id) REFERENCES Shows(Show_Id) ON DELETE CASCADE,
    ->     PRIMARY KEY(Show_Id)
    -> );
Query OK, 0 rows affected (0.02 sec)

mysql> CREATE TABLE Seasons(
    ->     Season_Id INTEGER NOT NULL,
    ->     Season_Name VARCHAR(30),
    ->     Start_date DATE,
    ->     End_date DATE,
    ->     Season_number INTEGER,
    ->     Show_Id Integer NOT NULL,
    ->     FOREIGN KEY(Show_Id) REFERENCES Shows(Show_Id) ON DELETE CASCADE,
    ->     PRIMARY KEY(Season_Id)
    -> );
Query OK, 0 rows affected (0.03 sec)

mysql> CREATE TABLE Episodes(
    ->     Episode_Id Int NOT NULL,
    ->     Episode_Title VARCHAR(50),
    ->     Air_date DATE,
    ->     Duration FLOAT,
    ->     Season_Id INTEGER NOT NULL,
    ->     FOREIGN KEY(Season_Id) REFERENCES Seasons(Season_Id) ON DELETE CASCADE,
    ->     PRIMARY KEY(Episode_Id)
    -> );
Query OK, 0 rows affected (0.03 sec)

mysql> CREATE TABLE Genres(
    ->     Genre_Id INTEGER NOT NULL,
    ->     Name VARCHAR(30),
    ->     PRIMARY KEY(Genre_Id)
    ->     );
Query OK, 0 rows affected (0.02 sec)

mysql> CREATE TABLE In_Genre(
    ->     Genre_Id INTEGER NOT NULL,
    ->     Show_Id INTEGER NOT NULL,
    ->     PRIMARY KEY(Genre_Id, Show_Id),
    ->     FOREIGN KEY(Genre_Id) REFERENCES Genres(Genre_Id),
    ->     FOREIGN KEY(Show_Id) REFERENCES Shows(Show_Id)
    ->  );
Query OK, 0 rows affected (0.03 sec)

mysql> show tables;
+------------------------+
| Tables_in_moviedb      |
+------------------------+
| acting                 |
| actor                  |
| award                  |
| box_office_collections |
| cinematographer        |
| critic                 |
| direction              |
| director               |
| distributing           |
| distributor            |
| editing                |
| editor                 |
| episodes               |
| genres                 |
| in_genre               |
| movies                 |
| organization           |
| owns                   |
| person                 |
| personsnominated       |
| presented_by           |
| producer               |
| produces               |
| production_company     |
| regular_user           |
| reviews                |
| seasons                |
| shooting               |
| shows                  |
| showsnominated         |
| tvseries               |
| user                   |
| won_by                 |
| writer                 |
| written                |
+------------------------+
35 rows in set (0.01 sec)

mysql> INSERT INTO Person
    -> (Gender, First_Name, Middle_Name, Last_Name, DOB)
    -> VALUES
    -> ('F' , 'Meryl', null, 'Streep', '1990-08-15'),
    -> ('M', 'Robert', null, 'Downey', '1965-4-4'),
    -> ('M', 'John', null, 'Krasinski', '1979-10-20'),
    -> ('M', 'Anthony', null, 'Russo', '1970-02-03'),
    -> ('F', 'Emma', null, 'Stone', '1988-11-06'),
    -> ('F', 'Gal', null, 'Gadot', '1985-04-30'),
    -> ('F', 'Patty', null, 'Jenkins', '1971-07-24'),
    -> ('M', 'Peter', null, 'Dinklage', '1971-07-24'),
    -> ('F', 'Milly', 'Bobby', 'Brown', '1971-07-24'),
    -> ('M', 'Kumail', null, 'Nanjiani', '1971-07-24'),
    -> ('F', 'Emilia', null, 'Clarke', '1971-07-24'),
    -> ('M', 'Damien', null, 'Chazelle', '1985-01-19'),
    -> ('M', 'Ramin', null, 'Djawadi', '1974-07-19'),
    -> ('M', 'Matt', null, 'Duffer', '1984-02-15'),
    -> ('M', 'Ross', null, 'Duffer', '1984-02-15'),
    -> ('M', 'David', null, 'Russell', '1958-08-20'),
    -> ('M', 'Matthew', null, 'Jensen', null),
    -> ('F', 'Charlotte', 'Bruss', 'Christensen', '1978-03-20'),
    -> ('M', 'User', null, '1', null),
    -> ('F', 'User', null, '2', '1999-03-20'),
    -> ('F', 'Emily', null, 'Blunt', '1983-02-23'),
    -> ('M', 'Chris', null, 'Evans', '1981-06-13'),
    -> ('M', 'Chris', null, 'Pine', '1980-08-26'),
    -> ('M', 'Ryan', null, 'Gosling', '1980-11-12'),
    -> ('M', 'Steve', null, 'Carell', '1962-08-16'),
    -> ('F', 'Mandy', null, 'Moore', '1984-04-10'),
    -> ('M', 'Tom', null, 'Cross', null),
    -> ('M', 'Joe', null, 'Russo', '1971-07-08');
ERROR 1048 (23000): Column 'DOB' cannot be null
mysql> INSERT INTO Person
    -> (Gender, First_Name, Middle_Name, Last_Name, DOB)
    -> VALUES
    -> ('F' , 'Meryl', null, 'Streep', '1990-08-15'),
    -> ('M', 'Robert', null, 'Downey', '1965-4-4'),
    -> ('M', 'John', null, 'Krasinski', '1979-10-20'),
    -> ('M', 'Anthony', null, 'Russo', '1970-02-03'),
    -> ('F', 'Emma', null, 'Stone', '1988-11-06'),
    -> ('F', 'Gal', null, 'Gadot', '1985-04-30'),
    -> ('F', 'Patty', null, 'Jenkins', '1971-07-24'),
    -> ('M', 'Peter', null, 'Dinklage', '1971-07-24'),
    -> ('F', 'Milly', 'Bobby', 'Brown', '1971-07-24'),
    -> ('M', 'Kumail', null, 'Nanjiani', '1971-07-24'),
    -> ('F', 'Emilia', null, 'Clarke', '1971-07-24'),
    -> ('M', 'Damien', null, 'Chazelle', '1985-01-19'),
    -> ('M', 'Ramin', null, 'Djawadi', '1974-07-19'),
    -> ('M', 'Matt', null, 'Duffer', '1984-02-15'),
    -> ('M', 'Ross', null, 'Duffer', '1984-02-15'),
    -> ('M', 'David', null, 'Russell', '1958-08-20'),
    -> ('M', 'Matthew', null, 'Jensen', '2001-03-24'),
    -> ('F', 'Charlotte', 'Bruss', 'Christensen', '1978-03-20'),
    -> ('M', 'User', null, '1', 2000-09-19),
    -> ('F', 'User', null, '2', '1999-03-20'),
    -> ('F', 'Emily', null, 'Blunt', '1983-02-23'),
    -> ('M', 'Chris', null, 'Evans', '1981-06-13'),
    -> ('M', 'Chris', null, 'Pine', '1980-08-26'),
    -> ('M', 'Ryan', null, 'Gosling', '1980-11-12'),
    -> ('M', 'Steve', null, 'Carell', '1962-08-16'),
    -> ('F', 'Mandy', null, 'Moore', '1984-04-10'),
    -> ('M', 'Tom', null, 'Cross', 2001-05-29),
    -> ('M', 'Joe', null, 'Russo', '1971-07-08');
ERROR 1292 (22007): Incorrect date value: '1972' for column 'DOB' at row 19
mysql> INSERT INTO Person
    -> (Gender, First_Name, Middle_Name, Last_Name, DOB)
    -> VALUES
    -> ('F' , 'Meryl', null, 'Streep', '1990-08-15'),
    -> ('M', 'Robert', null, 'Downey', '1965-4-4'),
    -> ('M', 'John', null, 'Krasinski', '1979-10-20'),
    -> ('M', 'Anthony', null, 'Russo', '1970-02-03'),
    -> ('F', 'Emma', null, 'Stone', '1988-11-06'),
    -> ('F', 'Gal', null, 'Gadot', '1985-04-30'),
    -> ('F', 'Patty', null, 'Jenkins', '1971-07-24'),
    -> ('M', 'Peter', null, 'Dinklage', '1971-07-24'),
    -> ('F', 'Milly', 'Bobby', 'Brown', '1971-07-24'),
    -> ('M', 'Kumail', null, 'Nanjiani', '1971-07-24'),
    -> ('F', 'Emilia', null, 'Clarke', '1971-07-24'),
    -> ('M', 'Damien', null, 'Chazelle', '1985-01-19'),
    -> ('M', 'Ramin', null, 'Djawadi', '1974-07-19'),
    -> ('M', 'Matt', null, 'Duffer', '1984-02-15'),
    -> ('M', 'Ross', null, 'Duffer', '1984-02-15'),
    -> ('M', 'David', null, 'Russell', '1970-08-20'),
    -> ('M', 'Matthew', null, 'Jensen', '2001-05-29'),
    -> ('F', 'Charlotte', 'Bruss', 'Christensen', '1978-03-20'),
    -> ('M', 'User', null, '1', '2001-05-29'),
    -> ('F', 'User', null, '2', '1999-03-20'),
    -> ('F', 'Emily', null, 'Blunt', '1983-02-23'),
    -> ('M', 'Chris', null, 'Evans', '1981-06-13'),
    -> ('M', 'Chris', null, 'Pine', '1980-08-26'),
    -> ('M', 'Ryan', null, 'Gosling', '1980-11-12'),
    -> ('M', 'Steve', null, 'Carell', '1962-08-16'),
    -> ('F', 'Mandy', null, 'Moore', '1984-04-10'),
    -> ('M', 'Tom', null, 'Cross', '2001-05-29'),
    -> ('M', 'Joe', null, 'Russo', '1971-07-08');
Query OK, 28 rows affected (0.01 sec)
Records: 28  Duplicates: 0  Warnings: 0

mysql> INSERT INTO Shows
    -> (Title, Language, Rating, Certification, Budget)
    -> VALUES
    -> ('The Devil Wears Prada ', 'English', 6.9, 'PG-13', 35000000 ),
    -> ('Captain America: Civil War', 'English', 7.8, 'PG-13', 250000000),
    -> ('A Quiet Place', 'English', 7.6, 'PG-13', 17000000),
    -> ('Wonder Woman', 'English', 7.5, 'PG-13', 149000000),
    -> ('La La Land', 'English', 8.1, 'PG-13', 30000000),
    -> ('Stranger Things', 'English', 8.9, 'TV-14', null),
    -> ('Game of Thrones', 'English', 9.5, 'TV-MA', null),
    -> ('Silicon Valley', 'English', 8.6, 'TV-MA', null),
    -> ('Despicable Me', 'English', 7.7, 'PG', 69000000),
    -> ('Coco', 'English', 8.4, 'PG', 175000000),
    -> ('The Office', 'English', 8.8, 'TV-PG', null),
    -> ('Avengers: Infinity War', 'English', 8.5, 'PG-13', 321000000),
    -> ('Birdman', 'English', 7.7, 'R', 18000000),
    -> ('Before We Go', 'English', 6.8, 'PG-13', null),
    -> ('This is Us', 'English', 8.8, 'TV-14', null),
    -> ('A Walk to Remember', 'English', 7.4, 'PG', 11000000),
    -> ('The Notebook', 'English', 7.9, 'PG-13', 29000000);
ERROR 1364 (HY000): Field 'VALUE' doesn't have a default value
mysql> desc shows;
+-------------------+-------------+------+-----+---------+----------------+
| Field             | Type        | Null | Key | Default | Extra          |
+-------------------+-------------+------+-----+---------+----------------+
| Show_Id           | int         | NO   | PRI | NULL    | auto_increment |
| Title             | varchar(30) | YES  |     | NULL    |                |
| Language          | varchar(30) | YES  |     | NULL    |                |
| Ranking           | int         | YES  |     | NULL    |                |
| Rating            | float       | YES  |     | NULL    |                |
| Certification     | varchar(10) | YES  |     | NULL    |                |
| Budget            | int         | YES  |     | NULL    |                |
| Release_Countries | varchar(30) | YES  |     | NULL    |                |
| Locations_Made_In | varchar(30) | YES  |     | NULL    |                |
| VALUE             | char(1)     | NO   |     | NULL    |                |
+-------------------+-------------+------+-----+---------+----------------+
10 rows in set (0.01 sec)

mysql> INSERT INTO Shows
    -> (Title, Language, Rating, Certification, Budget)
    -> VALUES
    -> ('The Devil Wears Prada ', 'English', 6.9, 'PG-13', 35000000 ,'U');
ERROR 1136 (21S01): Column count doesn't match value count at row 1
mysql> INSERT INTO Shows
    -> (Title, Language, Rating, Certification, Budget,VALUE)
    -> VALUES
    -> ('The Devil Wears Prada ', 'English', 6.9, 'PG-13', 35000000 ,'U');
Query OK, 1 row affected (0.01 sec)

mysql> INSERT INTO Shows
    -> (Title, Language, Rating, Certification, Budget,VALUE)
    -> VALUES
    -> ('Captain America: Civil War', 'English', 7.8, 'PG-13', 250000000),
    -> ('A Quiet Place', 'English', 7.6, 'PG-13', 17000000,),
    -> ('Wonder Woman', 'English', 7.5, 'PG-13', 149000000),
    -> ('La La Land', 'English', 8.1, 'PG-13', 30000000),
    -> ('Stranger Things', 'English', 8.9, 'TV-14', null),
    -> ('Game of Thrones', 'English', 9.5, 'TV-MA', null),
    -> ('Silicon Valley', 'English', 8.6, 'TV-MA', null),
    -> ('Despicable Me', 'English', 7.7, 'PG', 69000000),
    -> ('Coco', 'English', 8.4, 'PG', 175000000),
    -> ('The Office', 'English', 8.8, 'TV-PG', null),
    -> ('Avengers: Infinity War', 'English', 8.5, 'PG-13', 321000000),
    -> ('Birdman', 'English', 7.7, 'R', 18000000),
    -> ('Before We Go', 'English', 6.8, 'PG-13', null),
    -> ('This is Us', 'English', 8.8, 'TV-14', null),
    -> ('A Walk to Remember', 'English', 7.4, 'PG', 11000000),
    -> ('The Notebook', 'English', 7.9, 'PG-13', 29000000);
ERROR 1064 (42000): You have an error in your SQL syntax; check the manual that corresponds to your MySQL server version for the right syntax to use near '),
('Wonder Woman', 'English', 7.5, 'PG-13', 149000000),
('La La Land', 'English' at line 5
mysql> INSERT INTO Shows
    -> (Title, Language, Rating, Certification, Budget,VALUE)
    -> VALUES
    -> ('Captain America: Civil War', 'English', 7.8, 'PG-13', 250000000),
    -> ('A Quiet Place', 'English', 7.6, 'PG-13', 17000000,),
    -> ('Wonder Woman', 'English', 7.5, 'PG-13', 149000000),
    -> ('La La Land', 'English', 8.1, 'PG-13', 30000000),
    -> ('Stranger Things', 'English', 8.9, 'TV-14', null),
    -> ('Game of Thrones', 'English', 9.5, 'TV-MA', null),
    -> ('Silicon Valley', 'English', 8.6, 'TV-MA', null),
    -> ('Despicable Me', 'English', 7.7, 'PG', 69000000),
    -> ('Coco', 'English', 8.4, 'PG', 175000000),
    -> ('The Office', 'English', 8.8, 'TV-PG', null),
    -> ('Avengers: Infinity War', 'English', 8.5, 'PG-13', 321000000),
    -> ('Birdman', 'English', 7.7, 'R', 18000000),
    -> ('Before We Go', 'English', 6.8, 'PG-13', null),
    -> ('This is Us', 'English', 8.8, 'TV-14', null),
    -> ('A Walk to Remember', 'English', 7.4, 'PG', 11000000),
    -> ('The Notebook', 'English', 7.9, 'PG-13', 29000000);
ERROR 1064 (42000): You have an error in your SQL syntax; check the manual that corresponds to your MySQL server version for the right syntax to use near '),
('Wonder Woman', 'English', 7.5, 'PG-13', 149000000),
('La La Land', 'English' at line 5
mysql> desc shows;
+-------------------+-------------+------+-----+---------+----------------+
| Field             | Type        | Null | Key | Default | Extra          |
+-------------------+-------------+------+-----+---------+----------------+
| Show_Id           | int         | NO   | PRI | NULL    | auto_increment |
| Title             | varchar(30) | YES  |     | NULL    |                |
| Language          | varchar(30) | YES  |     | NULL    |                |
| Ranking           | int         | YES  |     | NULL    |                |
| Rating            | float       | YES  |     | NULL    |                |
| Certification     | varchar(10) | YES  |     | NULL    |                |
| Budget            | int         | YES  |     | NULL    |                |
| Release_Countries | varchar(30) | YES  |     | NULL    |                |
| Locations_Made_In | varchar(30) | YES  |     | NULL    |                |
| VALUE             | char(1)     | NO   |     | NULL    |                |
+-------------------+-------------+------+-----+---------+----------------+
10 rows in set (0.01 sec)

mysql> INSERT INTO Shows
    -> (Title, Language, Rating, Certification, Budget,VALUE)
    -> VALUES
    -> ('Captain America: Civil War', 'English', 7.8, 'PG-13', 250000000),
    -> ('A Quiet Place', 'English', 7.6, 'PG-13', 17000000),
    -> ('Wonder Woman', 'English', 7.5, 'PG-13', 149000000),
    -> ('La La Land', 'English', 8.1, 'PG-13', 30000000),
    -> ('Stranger Things', 'English', 8.9, 'TV-14', null),
    -> ('Game of Thrones', 'English', 9.5, 'TV-MA', null),
    -> ('Silicon Valley', 'English', 8.6, 'TV-MA', null),
    -> ('Despicable Me', 'English', 7.7, 'PG', 69000000),
    -> ('Coco', 'English', 8.4, 'PG', 175000000),
    -> ('The Office', 'English', 8.8, 'TV-PG', null),
    -> ('Avengers: Infinity War', 'English', 8.5, 'PG-13', 321000000),
    -> ('Birdman', 'English', 7.7, 'R', 18000000),
    -> ('Before We Go', 'English', 6.8, 'PG-13', null),
    -> ('This is Us', 'English', 8.8, 'TV-14', null),
    -> ('A Walk to Remember', 'English', 7.4, 'PG', 11000000),
    -> ('The Notebook', 'English', 7.9, 'PG-13', 29000000);
ERROR 1136 (21S01): Column count doesn't match value count at row 1
mysql> INSERT INTO Shows
    -> (Title, Language, Rating, Certification, Budget)
    -> VALUES
    -> ('Captain America: Civil War', 'English', 7.8, 'PG-13', 250000000),
    -> ('A Quiet Place', 'English', 7.6, 'PG-13', 17000000),
    -> ('Wonder Woman', 'English', 7.5, 'PG-13', 149000000),
    -> ('La La Land', 'English', 8.1, 'PG-13', 30000000),
    -> ('Stranger Things', 'English', 8.9, 'TV-14', null),
    -> ('Game of Thrones', 'English', 9.5, 'TV-MA', null),
    -> ('Silicon Valley', 'English', 8.6, 'TV-MA', null),
    -> ('Despicable Me', 'English', 7.7, 'PG', 69000000),
    -> ('Coco', 'English', 8.4, 'PG', 175000000),
    -> ('The Office', 'English', 8.8, 'TV-PG', null),
    -> ('Avengers: Infinity War', 'English', 8.5, 'PG-13', 321000000),
    -> ('Birdman', 'English', 7.7, 'R', 18000000),
    -> ('Before We Go', 'English', 6.8, 'PG-13', null),
    -> ('This is Us', 'English', 8.8, 'TV-14', null),
    -> ('A Walk to Remember', 'English', 7.4, 'PG', 11000000),
    -> ('The Notebook', 'English', 7.9, 'PG-13', 29000000);
ERROR 1364 (HY000): Field 'VALUE' doesn't have a default value
mysql> desc shows;
+-------------------+-------------+------+-----+---------+----------------+
| Field             | Type        | Null | Key | Default | Extra          |
+-------------------+-------------+------+-----+---------+----------------+
| Show_Id           | int         | NO   | PRI | NULL    | auto_increment |
| Title             | varchar(30) | YES  |     | NULL    |                |
| Language          | varchar(30) | YES  |     | NULL    |                |
| Ranking           | int         | YES  |     | NULL    |                |
| Rating            | float       | YES  |     | NULL    |                |
| Certification     | varchar(10) | YES  |     | NULL    |                |
| Budget            | int         | YES  |     | NULL    |                |
| Release_Countries | varchar(30) | YES  |     | NULL    |                |
| Locations_Made_In | varchar(30) | YES  |     | NULL    |                |
| VALUE             | char(1)     | NO   |     | NULL    |                |
+-------------------+-------------+------+-----+---------+----------------+
10 rows in set (0.00 sec)

mysql> INSERT INTO Shows
    -> (Show_Id,Title, Language, Rating, Certification, Budget,Release_Counties,VALUE)
    -> VALUES
    -> (1'Captain America: Civil War', 'English', 7.8, 'PG-13', 250000000,'India','U'),
    -> ('null','A Quiet Place', 'English', 7.6, 'PG-13', 17000000,'UK','U/A'),
    -> ('null','Wonder Woman', 'English', 7.5, 'PG-13', 149000000,'India,UK','A'),
    -> ('null','La La Land', 'English', 8.1, 'PG-13', 30000000,'India,USA','U/A'),
    -> ('null','Stranger Things', 'English', 8.9, 'TV-14', null,'India,Australia','A'),
    -> ('null','Game of Thrones', 'English', 9.5, 'TV-MA', null,'India,China','U'),
    -> ('null','Silicon Valley', 'English', 8.6, 'TV-MA', null,'India,Korea','PG-13'),
    -> ('null','Despicable Me', 'English', 7.7, 'PG', 69000000,'India,Germany','U/A'),
    -> ('null','Coco', 'English', 8.4, 'PG', 175000000,'India,France','U'),
    -> ('null','The Office', 'English', 8.8, 'TV-PG', null,'India,USA','A'),
    -> ('null','Avengers: Infinity War', 'English', 8.5, 'PG-13', 321000000,'India,Italy','U'),
    -> ('null','Birdman', 'English', 7.7, 'R', 18000000,'India,Pakistan','U/A'),
    -> ('null','Before We Go', 'English', 6.8, 'PG-13', null,'India,Japan','PG-13'),
    -> ('null','This is Us', 'English', 8.8, 'TV-14', null,'India,UAE','A'),
    -> ('null','A Walk to Remember', 'English', 7.4, 'PG', 11000000,'India,Sri Lanka','U/A'),
    -> ('null','The Notebook', 'English', 7.9, 'PG-13', 29000000,'India,South Africa','U');
ERROR 1064 (42000): You have an error in your SQL syntax; check the manual that corresponds to your MySQL server version for the right syntax to use near ''Captain America: Civil War', 'English', 7.8, 'PG-13', 250000000,'India','U'),
(' at line 4
mysql> INSERT INTO Shows
    -> (Show_Id,Title, Language, Rating, Certification, Budget,Release_Counties,VALUE)
    -> VALUES
    -> (1,'Captain America: Civil War', 'English', 7.8, 'PG-13', 250000000,'India','U'),
    -> ('null','A Quiet Place', 'English', 7.6, 'PG-13', 17000000,'UK','U/A'),
    -> ('null','Wonder Woman', 'English', 7.5, 'PG-13', 149000000,'India,UK','A'),
    -> ('null','La La Land', 'English', 8.1, 'PG-13', 30000000,'India,USA','U/A'),
    -> ('null','Stranger Things', 'English', 8.9, 'TV-14', null,'India,Australia','A'),
    -> ('null','Game of Thrones', 'English', 9.5, 'TV-MA', null,'India,China','U'),
    -> ('null','Silicon Valley', 'English', 8.6, 'TV-MA', null,'India,Korea','PG-13'),
    -> ('null','Despicable Me', 'English', 7.7, 'PG', 69000000,'India,Germany','U/A'),
    -> ('null','Coco', 'English', 8.4, 'PG', 175000000,'India,France','U'),
    -> ('null','The Office', 'English', 8.8, 'TV-PG', null,'India,USA','A'),
    -> ('null','Avengers: Infinity War', 'English', 8.5, 'PG-13', 321000000,'India,Italy','U'),
    -> ('null','Birdman', 'English', 7.7, 'R', 18000000,'India,Pakistan','U/A'),
    -> ('null','Before We Go', 'English', 6.8, 'PG-13', null,'India,Japan','PG-13'),
    -> ('null','This is Us', 'English', 8.8, 'TV-14', null,'India,UAE','A'),
    -> ('null','A Walk to Remember', 'English', 7.4, 'PG', 11000000,'India,Sri Lanka','U/A'),
    -> ('null','The Notebook', 'English', 7.9, 'PG-13', 29000000,'India,South Africa','U');
ERROR 1054 (42S22): Unknown column 'Release_Counties' in 'field list'
mysql> INSERT INTO Shows
    -> (Show_Id,Title, Language, Rating, Certification, Budget,Release_Countries,VALUE)
    -> VALUES
    -> (1,'Captain America: Civil War', 'English', 7.8, 'PG-13', 250000000,'India','U'),
    -> ('null','A Quiet Place', 'English', 7.6, 'PG-13', 17000000,'UK','U/A'),
    -> ('null','Wonder Woman', 'English', 7.5, 'PG-13', 149000000,'India,UK','A'),
    -> ('null','La La Land', 'English', 8.1, 'PG-13', 30000000,'India,USA','U/A'),
    -> ('null','Stranger Things', 'English', 8.9, 'TV-14', null,'India,Australia','A'),
    -> ('null','Game of Thrones', 'English', 9.5, 'TV-MA', null,'India,China','U'),
    -> ('null','Silicon Valley', 'English', 8.6, 'TV-MA', null,'India,Korea','PG-13'),
    -> ('null','Despicable Me', 'English', 7.7, 'PG', 69000000,'India,Germany','U/A'),
    -> ('null','Coco', 'English', 8.4, 'PG', 175000000,'India,France','U'),
    -> ('null','The Office', 'English', 8.8, 'TV-PG', null,'India,USA','A'),
    -> ('null','Avengers: Infinity War', 'English', 8.5, 'PG-13', 321000000,'India,Italy','U'),
    -> ('null','Birdman', 'English', 7.7, 'R', 18000000,'India,Pakistan','U/A'),
    -> ('null','Before We Go', 'English', 6.8, 'PG-13', null,'India,Japan','PG-13'),
    -> ('null','This is Us', 'English', 8.8, 'TV-14', null,'India,UAE','A'),
    -> ('null','A Walk to Remember', 'English', 7.4, 'PG', 11000000,'India,Sri Lanka','U/A'),
    -> ('null','The Notebook', 'English', 7.9, 'PG-13', 29000000,'India,South Africa','U');
ERROR 1062 (23000): Duplicate entry '1' for key 'shows.PRIMARY'
mysql> INSERT INTO Shows
    -> (Show_Id,Title, Language, Rating, Certification, Budget,Release_Countries,VALUE)
    -> VALUES
    -> ('null','Captain America: Civil War', 'English', 7.8, 'PG-13', 250000000,'India','U'),
    -> ('null','A Quiet Place', 'English', 7.6, 'PG-13', 17000000,'UK','U/A'),
    -> ('null','Wonder Woman', 'English', 7.5, 'PG-13', 149000000,'India,UK','A'),
    -> ('null','La La Land', 'English', 8.1, 'PG-13', 30000000,'India,USA','U/A'),
    -> ('null','Stranger Things', 'English', 8.9, 'TV-14', null,'India,Australia','A'),
    -> ('null','Game of Thrones', 'English', 9.5, 'TV-MA', null,'India,China','U'),
    -> ('null','Silicon Valley', 'English', 8.6, 'TV-MA', null,'India,Korea','PG-13'),
    -> ('null','Despicable Me', 'English', 7.7, 'PG', 69000000,'India,Germany','U/A'),
    -> ('null','Coco', 'English', 8.4, 'PG', 175000000,'India,France','U'),
    -> ('null','The Office', 'English', 8.8, 'TV-PG', null,'India,USA','A'),
    -> ('null','Avengers: Infinity War', 'English', 8.5, 'PG-13', 321000000,'India,Italy','U'),
    -> ('null','Birdman', 'English', 7.7, 'R', 18000000,'India,Pakistan','U/A'),
    -> ('null','Before We Go', 'English', 6.8, 'PG-13', null,'India,Japan','PG-13'),
    -> ('null','This is Us', 'English', 8.8, 'TV-14', null,'India,UAE','A'),
    -> ('null','A Walk to Remember', 'English', 7.4, 'PG', 11000000,'India,Sri Lanka','U/A'),
    -> ('null','The Notebook', 'English', 7.9, 'PG-13', 29000000,'India,South Africa','U');
ERROR 1366 (HY000): Incorrect integer value: 'null' for column 'Show_Id' at row 1
mysql> INSERT INTO Shows
    -> (Show_Id,Title, Language, Rating, Certification, Budget,Release_Countries,VALUE)
    -> VALUES
    -> ('null','Captain America: Civil War', 'English', 7.8, 'PG-13', 250000000,'India','U'),
    -> ('null','A Quiet Place', 'English', 7.6, 'PG-13', 17000000,'UK','U/A'),
    -> ('null','Wonder Woman', 'English', 7.5, 'PG-13', 149000000,'India,UK','A'),
    -> ('null','La La Land', 'English', 8.1, 'PG-13', 30000000,'India,USA','U/A'),
    -> ('null','Stranger Things', 'English', 8.9, 'TV-14', null,'India,Australia','A'),
    -> ('null','Game of Thrones', 'English', 9.5, 'TV-MA', null,'India,China','U'),
    -> ('null','Silicon Valley', 'English', 8.6, 'TV-MA', null,'India,Korea','PG-13'),
    -> ('null','Despicable Me', 'English', 7.7, 'PG', 69000000,'India,Germany','U/A'),
    -> ('null','Coco', 'English', 8.4, 'PG', 175000000,'India,France','U'),
    -> ('null','The Office', 'English', 8.8, 'TV-PG', null,'India,USA','A'),
    -> ('null','Avengers: Infinity War', 'English', 8.5, 'PG-13', 321000000,'India,Italy','U'),
    -> ('null','Birdman', 'English', 7.7, 'R', 18000000,'India,Pakistan','U/A'),
    -> ('null','Before We Go', 'English', 6.8, 'PG-13', null,'India,Japan','PG-13'),
    -> ('null','This is Us', 'English', 8.8, 'TV-14', null,'India,UAE','A'),
    -> ('null','A Walk to Remember', 'English', 7.4, 'PG', 11000000,'India,Sri Lanka','U/A'),
    -> ('null','The Notebook', 'English', 7.9, 'PG-13', 29000000,'India,South Africa','U');
ERROR 1366 (HY000): Incorrect integer value: 'null' for column 'Show_Id' at row 1
mysql> INSERT INTO Shows
    -> (Show_Id,Title, Language, Rating, Certification, Budget,Release_Countries,VALUE)
    -> VALUES
    -> ('','Captain America: Civil War', 'English', 7.8, 'PG-13', 250000000,'India','U');
ERROR 1366 (HY000): Incorrect integer value: '' for column 'Show_Id' at row 1
mysql> INSERT INTO Shows
    -> (Show_Id,Title, Language, Rating, Certification, Budget,Release_Countries,VALUE)
    -> VALUES
    -> ('Captain America: Civil War', 'English', 7.8, 'PG-13', 250000000,'India','U');
ERROR 1136 (21S01): Column count doesn't match value count at row 1
mysql> INSERT INTO Shows
    -> (Show_Id,Title, Language, Rating, Certification, Budget,Release_Countries,VALUE)
    -> VALUES
    -> (1,'Captain America: Civil War', 'English', 7.8, 'PG-13', 250000000,'India','U');
ERROR 1062 (23000): Duplicate entry '1' for key 'shows.PRIMARY'
mysql> INSERT INTO Shows
    -> (Show_Id,Title, Language, Rating, Certification, Budget,Release_Countries,VALUE)
    -> VALUES
    -> (null,'Captain America: Civil War', 'English', 7.8, 'PG-13', 250000000,'India','U'),
    -> (null,'A Quiet Place', 'English', 7.6, 'PG-13', 17000000,'UK','U/A');
ERROR 1406 (22001): Data too long for column 'VALUE' at row 2
mysql> INSERT INTO Shows
    -> (Show_Id,Title, Language, Rating, Certification, Budget,Release_Countries,VALUE)
    -> VALUES
    -> (null,'Captain America: Civil War', 'English', 7.8, 'PG-13', 250000000,'India','U'),
    -> (null,'A Quiet Place', 'English', 7.6, 'PG-13', 17000000,'UK','A'),
    -> (null,'Wonder Woman', 'English', 7.5, 'PG-13', 149000000,'India,UK','A'),
    -> (null,'La La Land', 'English', 8.1, 'PG-13', 30000000,'India,USA','A'),
    -> (null,'Stranger Things', 'English', 8.9, 'TV-14', null,'India,Australia','A'),
    -> (null,'Game of Thrones', 'English', 9.5, 'TV-MA', null,'India,China','U'),
    -> (null,'Silicon Valley', 'English', 8.6, 'TV-MA', null,'India,Korea','A'),
    -> (null,'Despicable Me', 'English', 7.7, 'PG', 69000000,'India,Germany','U'),
    -> (null,'Coco', 'English', 8.4, 'PG', 175000000,'India,France','U'),
    -> (null,'The Office', 'English', 8.8, 'TV-PG', null,'India,USA','A'),
    -> (null,'Avengers: Infinity War', 'English', 8.5, 'PG-13', 321000000,'India,Italy','U'),
    -> (null,'Birdman', 'English', 7.7, 'R', 18000000,'India,Pakistan','A'),
    -> (null,'Before We Go', 'English', 6.8, 'PG-13', null,'India,Japan','U'),
    -> (null,'This is Us', 'English', 8.8, 'TV-14', null,'India,UAE','A'),
    -> (null,'A Walk to Remember', 'English', 7.4, 'PG', 11000000,'India,Sri Lanka','A'),
    -> (null,'The Notebook', 'English', 7.9, 'PG-13', 29000000,'India,South Africa','U');
Query OK, 16 rows affected (0.01 sec)
Records: 16  Duplicates: 0  Warnings: 0

mysql> INSERT INTO Genres
    ->  (Genre_Id, Name)
    -> VALUES
    ->   (1, 'Action'),
    ->   (2, 'Comedy'),
    ->   (3, 'Drama'),
    ->   (4, 'Romance'),
    ->   (5, 'Sci-Fi'),
    ->   (6, 'Adventure'),
    ->   (7, 'Horror'),
    ->   (8, 'Mystery'),
    ->   (9, 'Music'),
    ->   (10, 'Fantasy'),
    ->   (11, 'Animation'),
    ->   (12, 'Family');
Query OK, 12 rows affected (0.01 sec)
Records: 12  Duplicates: 0  Warnings: 0

mysql> INSERT INTO In_Genre
    -> (Show_Id, Genre_Id)
    -> VALUES
    ->   (1,2),
    ->   (1,3),
    ->   (2,1),
    ->   (2,5),
    ->   (2,6),
    ->   (3,3),
    ->   (3,7),
    ->   (3,8),
    ->   (4,1),
    ->   (4,6),
    ->   (4,2),
    ->   (5,2),
    ->   (5,3),
    ->   (5,8),
    ->   (6,3),
    ->   (6,7),
    ->   (6,1),
    ->   (7,1),
    ->   (7,3),
    ->   (7,6),
    ->   (8,2),
    ->   (9,11),
    ->   (9,2),
    ->   (9,12),
    ->   (10,11),
    ->   (10,6),
    ->   (10,10),
    ->   (11,2),
    ->   (12,1),
    ->   (12,6),
    ->   (12,10),
    ->   (13,2),
    ->   (13,3),
    ->   (14,2),
    ->   (14,3),
    ->   (14,4),
    ->   (15,2),
    ->   (15,3),
    ->   (15,4),
    ->   (16,3),
    ->   (16,4),
    ->   (17,3),
    ->   (17,4);
ERROR 1452 (23000): Cannot add or update a child row: a foreign key constraint fails (`moviedb`.`in_genre`, CONSTRAINT `in_genre_ibfk_2` FOREIGN KEY (`Show_Id`) REFERENCES `shows` (`Show_Id`))
mysql> select * from shows;
+---------+----------------------------+----------+---------+--------+---------------+-----------+--------------------+-------------------+-------+
| Show_Id | Title                      | Language | Ranking | Rating | Certification | Budget    | Release_Countries  | Locations_Made_In | VALUE |
+---------+----------------------------+----------+---------+--------+---------------+-----------+--------------------+-------------------+-------+
|       1 | The Devil Wears Prada      | English  |    NULL |    6.9 | PG-13         |  35000000 | NULL               | NULL              | U     |
|       4 | Captain America: Civil War | English  |    NULL |    7.8 | PG-13         | 250000000 | India              | NULL              | U     |
|       5 | A Quiet Place              | English  |    NULL |    7.6 | PG-13         |  17000000 | UK                 | NULL              | A     |
|       6 | Wonder Woman               | English  |    NULL |    7.5 | PG-13         | 149000000 | India,UK           | NULL              | A     |
|       7 | La La Land                 | English  |    NULL |    8.1 | PG-13         |  30000000 | India,USA          | NULL              | A     |
|       8 | Stranger Things            | English  |    NULL |    8.9 | TV-14         |      NULL | India,Australia    | NULL              | A     |
|       9 | Game of Thrones            | English  |    NULL |    9.5 | TV-MA         |      NULL | India,China        | NULL              | U     |
|      10 | Silicon Valley             | English  |    NULL |    8.6 | TV-MA         |      NULL | India,Korea        | NULL              | A     |
|      11 | Despicable Me              | English  |    NULL |    7.7 | PG            |  69000000 | India,Germany      | NULL              | U     |
|      12 | Coco                       | English  |    NULL |    8.4 | PG            | 175000000 | India,France       | NULL              | U     |
|      13 | The Office                 | English  |    NULL |    8.8 | TV-PG         |      NULL | India,USA          | NULL              | A     |
|      14 | Avengers: Infinity War     | English  |    NULL |    8.5 | PG-13         | 321000000 | India,Italy        | NULL              | U     |
|      15 | Birdman                    | English  |    NULL |    7.7 | R             |  18000000 | India,Pakistan     | NULL              | A     |
|      16 | Before We Go               | English  |    NULL |    6.8 | PG-13         |      NULL | India,Japan        | NULL              | U     |
|      17 | This is Us                 | English  |    NULL |    8.8 | TV-14         |      NULL | India,UAE          | NULL              | A     |
|      18 | A Walk to Remember         | English  |    NULL |    7.4 | PG            |  11000000 | India,Sri Lanka    | NULL              | A     |
|      19 | The Notebook               | English  |    NULL |    7.9 | PG-13         |  29000000 | India,South Africa | NULL              | U     |
+---------+----------------------------+----------+---------+--------+---------------+-----------+--------------------+-------------------+-------+
17 rows in set (0.00 sec)

mysql> slect * from In_Genre;
ERROR 1064 (42000): You have an error in your SQL syntax; check the manual that corresponds to your MySQL server version for the right syntax to use near 'slect * from In_Genre' at line 1
mysql> select * from In_Genre;
Empty set (0.00 sec)

mysql> desc In_Genre;
+----------+------+------+-----+---------+-------+
| Field    | Type | Null | Key | Default | Extra |
+----------+------+------+-----+---------+-------+
| Genre_Id | int  | NO   | PRI | NULL    |       |
| Show_Id  | int  | NO   | PRI | NULL    |       |
+----------+------+------+-----+---------+-------+
2 rows in set (0.01 sec)

mysql> select * from shows;
+---------+----------------------------+----------+---------+--------+---------------+-----------+--------------------+-------------------+-------+
| Show_Id | Title                      | Language | Ranking | Rating | Certification | Budget    | Release_Countries  | Locations_Made_In | VALUE |
+---------+----------------------------+----------+---------+--------+---------------+-----------+--------------------+-------------------+-------+
|       1 | The Devil Wears Prada      | English  |    NULL |    6.9 | PG-13         |  35000000 | NULL               | NULL              | U     |
|       4 | Captain America: Civil War | English  |    NULL |    7.8 | PG-13         | 250000000 | India              | NULL              | U     |
|       5 | A Quiet Place              | English  |    NULL |    7.6 | PG-13         |  17000000 | UK                 | NULL              | A     |
|       6 | Wonder Woman               | English  |    NULL |    7.5 | PG-13         | 149000000 | India,UK           | NULL              | A     |
|       7 | La La Land                 | English  |    NULL |    8.1 | PG-13         |  30000000 | India,USA          | NULL              | A     |
|       8 | Stranger Things            | English  |    NULL |    8.9 | TV-14         |      NULL | India,Australia    | NULL              | A     |
|       9 | Game of Thrones            | English  |    NULL |    9.5 | TV-MA         |      NULL | India,China        | NULL              | U     |
|      10 | Silicon Valley             | English  |    NULL |    8.6 | TV-MA         |      NULL | India,Korea        | NULL              | A     |
|      11 | Despicable Me              | English  |    NULL |    7.7 | PG            |  69000000 | India,Germany      | NULL              | U     |
|      12 | Coco                       | English  |    NULL |    8.4 | PG            | 175000000 | India,France       | NULL              | U     |
|      13 | The Office                 | English  |    NULL |    8.8 | TV-PG         |      NULL | India,USA          | NULL              | A     |
|      14 | Avengers: Infinity War     | English  |    NULL |    8.5 | PG-13         | 321000000 | India,Italy        | NULL              | U     |
|      15 | Birdman                    | English  |    NULL |    7.7 | R             |  18000000 | India,Pakistan     | NULL              | A     |
|      16 | Before We Go               | English  |    NULL |    6.8 | PG-13         |      NULL | India,Japan        | NULL              | U     |
|      17 | This is Us                 | English  |    NULL |    8.8 | TV-14         |      NULL | India,UAE          | NULL              | A     |
|      18 | A Walk to Remember         | English  |    NULL |    7.4 | PG            |  11000000 | India,Sri Lanka    | NULL              | A     |
|      19 | The Notebook               | English  |    NULL |    7.9 | PG-13         |  29000000 | India,South Africa | NULL              | U     |
+---------+----------------------------+----------+---------+--------+---------------+-----------+--------------------+-------------------+-------+
17 rows in set (0.00 sec)

mysql> INSERT INTO In_Genre
    -> (Show_Id, Genre_Id)
    -> VALUES
    ->   (1,2),
    ->   (1,3),
    ->   (4,1),
    ->   (4,6),
    ->   (4,2),
    ->   (5,2),
    ->   (5,3),
    ->   (5,8),
    ->   (6,3),
    ->   (6,7),
    ->   (6,1),
    ->   (7,1),
    ->   (7,3),
    ->   (7,6),
    ->   (8,2),
    ->   (9,11),
    ->   (9,2),
    ->   (9,12),
    ->   (10,11),
    ->   (10,6),
    ->   (10,10),
    ->   (11,2),
    ->   (12,1),
    ->   (12,6),
    ->   (12,10),
    ->   (13,2),
    ->   (13,3),
    ->   (14,2),
    ->   (14,3),
    ->   (14,4),
    ->   (15,2),
    ->   (15,3),
    ->   (15,4),
    ->   (16,3),
    ->   (16,4),
    ->   (17,3),
    ->   (17,4);
Query OK, 37 rows affected (0.01 sec)
Records: 37  Duplicates: 0  Warnings: 0

mysql> select * from In_Genre;
+----------+---------+
| Genre_Id | Show_Id |
+----------+---------+
|        2 |       1 |
|        3 |       1 |
|        1 |       4 |
|        2 |       4 |
|        6 |       4 |
|        2 |       5 |
|        3 |       5 |
|        8 |       5 |
|        1 |       6 |
|        3 |       6 |
|        7 |       6 |
|        1 |       7 |
|        3 |       7 |
|        6 |       7 |
|        2 |       8 |
|        2 |       9 |
|       11 |       9 |
|       12 |       9 |
|        6 |      10 |
|       10 |      10 |
|       11 |      10 |
|        2 |      11 |
|        1 |      12 |
|        6 |      12 |
|       10 |      12 |
|        2 |      13 |
|        3 |      13 |
|        2 |      14 |
|        3 |      14 |
|        4 |      14 |
|        2 |      15 |
|        3 |      15 |
|        4 |      15 |
|        3 |      16 |
|        4 |      16 |
|        3 |      17 |
|        4 |      17 |
+----------+---------+
37 rows in set (0.00 sec)

mysql> INSERT INTO Award
    -> (Name, Title, Year)
    -> VALUES
    ->   ('Golden Globe', 'Best Actress in Supporting Role', 2015),
    ->   ('Oscar', 'Best Actress in Supporting Role', 2015),
    ->   ('Oscar', 'Best Picture', 2015),
    ->   ('Oscar', 'Best Animated Film', 2018),
    ->   ('Oscar', 'Best Actress', 2007),
    ->   ('Golden Globe', 'Best Actress in Supporting Role', 2017),
    ->   ('Oscar', 'Best Actress', 2017),
    ->   ('Oscar', 'Best Director', 2017),
    ->   ('Oscar', 'Best Picture', 2017),
    ->  ('Critics Choice', 'Best Picture', 2016),
    ->   ('Critics Choice', 'Best Editing', 2016),
    ->   ('Critics Choice', 'Best Actor', 2016),
    ->   ('Critics Choice', 'Best Movie', 2018),
    ->   ('Golden Globe', 'Best TV Series - Drama', 2018),
    ->   ('Critics Choice', 'Best Drama Series', 2018),
    ->   ('Critics Choice', 'Best Supporting Actor', 2018),
    ->   ('Critics Choice', 'Best Supporting Actress', 2018);
ERROR 1406 (22001): Data too long for column 'Title' at row 1
mysql> desc Award;
+----------+-------------+------+-----+---------+----------------+
| Field    | Type        | Null | Key | Default | Extra          |
+----------+-------------+------+-----+---------+----------------+
| Award_Id | int         | NO   | PRI | NULL    | auto_increment |
| Name     | varchar(50) | YES  |     | NULL    |                |
| Title    | varchar(30) | YES  |     | NULL    |                |
| Year     | int         | YES  |     | NULL    |                |
+----------+-------------+------+-----+---------+----------------+
4 rows in set (0.00 sec)

mysql> INSERT INTO Award
    -> (Name, Title, Year)
    -> VALUES
    ->   ('Golden Globe', 'Best Actress', 2015),
    ->   ('Oscar', 'Best Actress in Supporting Role', 2015),
    ->   ('Oscar', 'Best Picture', 2015),
    ->   ('Oscar', 'Best Animated Film', 2018),
    ->   ('Oscar', 'Best Actress', 2007),
    ->   ('Golden Globe', 'Best Actress in Supporting Role', 2017),
    ->   ('Oscar', 'Best Actress', 2017),
    ->   ('Oscar', 'Best Director', 2017),
    ->   ('Oscar', 'Best Picture', 2017),
    ->  ('Critics Choice', 'Best Picture', 2016),
    ->   ('Critics Choice', 'Best Editing', 2016),
    ->   ('Critics Choice', 'Best Actor', 2016),
    ->   ('Critics Choice', 'Best Movie', 2018),
    ->   ('Golden Globe', 'Best TV Series - Drama', 2018),
    ->   ('Critics Choice', 'Best Drama Series', 2018),
    ->   ('Critics Choice', 'Best Supporting Actor', 2018),
    ->   ('Critics Choice', 'Best Supporting Actress', 2018);
ERROR 1406 (22001): Data too long for column 'Title' at row 2
mysql> INSERT INTO Award
    -> (Name, Title, Year)
    -> VALUES
    ->   ('Golden Globe', 'Best Actress', 2015),
    ->   ('Oscar', 'Best Actress', 2015),
    ->   ('Oscar', 'Best Picture', 2015),
    ->   ('Oscar', 'Best Animated Film', 2018),
    ->   ('Oscar', 'Best Actress', 2007),
    ->   ('Golden Globe', 'Best Actress', 2017),
    ->   ('Oscar', 'Best Actress', 2017),
    ->   ('Oscar', 'Best Director', 2017),
    ->   ('Oscar', 'Best Picture', 2017),
    ->  ('Critics Choice', 'Best Picture', 2016),
    ->   ('Critics Choice', 'Best Editing', 2016),
    ->   ('Critics Choice', 'Best Actor', 2016),
    ->   ('Critics Choice', 'Best Movie', 2018),
    ->   ('Golden Globe', 'Best TV Series', 2018),
    ->   ('Critics Choice', 'Best Drama Series', 2018),
    ->   ('Critics Choice', 'Best Supporting Actor', 2018),
    ->   ('Critics Choice', 'Best Supporting Actress', 2018);
Query OK, 17 rows affected (0.01 sec)
Records: 17  Duplicates: 0  Warnings: 0

mysql> select * from Award;
+----------+----------------+-------------------------+------+
| Award_Id | Name           | Title                   | Year |
+----------+----------------+-------------------------+------+
|       18 | Golden Globe   | Best Actress            | 2015 |
|       19 | Oscar          | Best Actress            | 2015 |
|       20 | Oscar          | Best Picture            | 2015 |
|       21 | Oscar          | Best Animated Film      | 2018 |
|       22 | Oscar          | Best Actress            | 2007 |
|       23 | Golden Globe   | Best Actress            | 2017 |
|       24 | Oscar          | Best Actress            | 2017 |
|       25 | Oscar          | Best Director           | 2017 |
|       26 | Oscar          | Best Picture            | 2017 |
|       27 | Critics Choice | Best Picture            | 2016 |
|       28 | Critics Choice | Best Editing            | 2016 |
|       29 | Critics Choice | Best Actor              | 2016 |
|       30 | Critics Choice | Best Movie              | 2018 |
|       31 | Golden Globe   | Best TV Series          | 2018 |
|       32 | Critics Choice | Best Drama Series       | 2018 |
|       33 | Critics Choice | Best Supporting Actor   | 2018 |
|       34 | Critics Choice | Best Supporting Actress | 2018 |
+----------+----------------+-------------------------+------+
17 rows in set (0.00 sec)

mysql> INSERT INTO PersonsNominated
    -> (Person_Id, Award_Id)
    -> VALUES
    ->   (5,1),
    ->   (5,2),
    ->   (1,5),
    ->   (26,6),
    ->   (5,7),
    ->   (12,8),
    ->   (24,12),
    ->   (8,16),
    ->   (11,17),
    ->   (27,11);
ERROR 1452 (23000): Cannot add or update a child row: a foreign key constraint fails (`moviedb`.`personsnominated`, CONSTRAINT `personsnominated_ibfk_1` FOREIGN KEY (`Person_Id`) REFERENCES `person` (`Person_Id`))
mysql>
mysql> INSERT INTO PersonsNominated
    -> (Person_Id, Award_Id)
    -> VALUES
    ->   (5,18),
    ->   (5,20),
    ->   (1,21),
    ->   (26,25),
    ->   (5,26),
    ->   (12,29),
    ->   (24,31),
    ->   (8,32),
    ->   (11,33),
    ->   (27,34);
ERROR 1452 (23000): Cannot add or update a child row: a foreign key constraint fails (`moviedb`.`personsnominated`, CONSTRAINT `personsnominated_ibfk_1` FOREIGN KEY (`Person_Id`) REFERENCES `person` (`Person_Id`))
mysql> select * from Person;
+-----------+--------+------------+-------------+-------------+------------+
| Person_Id | Gender | First_Name | Middle_Name | Last_Name   | DOB        |
+-----------+--------+------------+-------------+-------------+------------+
|        57 | F      | Meryl      | NULL        | Streep      | 1990-08-15 |
|        58 | M      | Robert     | NULL        | Downey      | 1965-04-04 |
|        59 | M      | John       | NULL        | Krasinski   | 1979-10-20 |
|        60 | M      | Anthony    | NULL        | Russo       | 1970-02-03 |
|        61 | F      | Emma       | NULL        | Stone       | 1988-11-06 |
|        62 | F      | Gal        | NULL        | Gadot       | 1985-04-30 |
|        63 | F      | Patty      | NULL        | Jenkins     | 1971-07-24 |
|        64 | M      | Peter      | NULL        | Dinklage    | 1971-07-24 |
|        65 | F      | Milly      | Bobby       | Brown       | 1971-07-24 |
|        66 | M      | Kumail     | NULL        | Nanjiani    | 1971-07-24 |
|        67 | F      | Emilia     | NULL        | Clarke      | 1971-07-24 |
|        68 | M      | Damien     | NULL        | Chazelle    | 1985-01-19 |
|        69 | M      | Ramin      | NULL        | Djawadi     | 1974-07-19 |
|        70 | M      | Matt       | NULL        | Duffer      | 1984-02-15 |
|        71 | M      | Ross       | NULL        | Duffer      | 1984-02-15 |
|        72 | M      | David      | NULL        | Russell     | 1970-08-20 |
|        73 | M      | Matthew    | NULL        | Jensen      | 2001-05-29 |
|        74 | F      | Charlotte  | Bruss       | Christensen | 1978-03-20 |
|        75 | M      | User       | NULL        | 1           | 2001-05-29 |
|        76 | F      | User       | NULL        | 2           | 1999-03-20 |
|        77 | F      | Emily      | NULL        | Blunt       | 1983-02-23 |
|        78 | M      | Chris      | NULL        | Evans       | 1981-06-13 |
|        79 | M      | Chris      | NULL        | Pine        | 1980-08-26 |
|        80 | M      | Ryan       | NULL        | Gosling     | 1980-11-12 |
|        81 | M      | Steve      | NULL        | Carell      | 1962-08-16 |
|        82 | F      | Mandy      | NULL        | Moore       | 1984-04-10 |
|        83 | M      | Tom        | NULL        | Cross       | 2001-05-29 |
|        84 | M      | Joe        | NULL        | Russo       | 1971-07-08 |
+-----------+--------+------------+-------------+-------------+------------+
28 rows in set (0.00 sec)

mysql> INSERT INTO PersonsNominated
    -> (Person_Id, Award_Id)
    -> VALUES
    ->   (58,29),
    ->   (62,19),
    ->   (60,25),
    ->   (78,29),
    ->   (77,23),
    ->   (65,31),
    ->   (67,32),
    ->   (74,34),
    ->   (58,33),
    ->   (61,26);
Query OK, 10 rows affected (0.01 sec)
Records: 10  Duplicates: 0  Warnings: 0

mysql> select * from SHows;
+---------+----------------------------+----------+---------+--------+---------------+-----------+--------------------+-------------------+-------+
| Show_Id | Title                      | Language | Ranking | Rating | Certification | Budget    | Release_Countries  | Locations_Made_In | VALUE |
+---------+----------------------------+----------+---------+--------+---------------+-----------+--------------------+-------------------+-------+
|       1 | The Devil Wears Prada      | English  |    NULL |    6.9 | PG-13         |  35000000 | NULL               | NULL              | U     |
|       4 | Captain America: Civil War | English  |    NULL |    7.8 | PG-13         | 250000000 | India              | NULL              | U     |
|       5 | A Quiet Place              | English  |    NULL |    7.6 | PG-13         |  17000000 | UK                 | NULL              | A     |
|       6 | Wonder Woman               | English  |    NULL |    7.5 | PG-13         | 149000000 | India,UK           | NULL              | A     |
|       7 | La La Land                 | English  |    NULL |    8.1 | PG-13         |  30000000 | India,USA          | NULL              | A     |
|       8 | Stranger Things            | English  |    NULL |    8.9 | TV-14         |      NULL | India,Australia    | NULL              | A     |
|       9 | Game of Thrones            | English  |    NULL |    9.5 | TV-MA         |      NULL | India,China        | NULL              | U     |
|      10 | Silicon Valley             | English  |    NULL |    8.6 | TV-MA         |      NULL | India,Korea        | NULL              | A     |
|      11 | Despicable Me              | English  |    NULL |    7.7 | PG            |  69000000 | India,Germany      | NULL              | U     |
|      12 | Coco                       | English  |    NULL |    8.4 | PG            | 175000000 | India,France       | NULL              | U     |
|      13 | The Office                 | English  |    NULL |    8.8 | TV-PG         |      NULL | India,USA          | NULL              | A     |
|      14 | Avengers: Infinity War     | English  |    NULL |    8.5 | PG-13         | 321000000 | India,Italy        | NULL              | U     |
|      15 | Birdman                    | English  |    NULL |    7.7 | R             |  18000000 | India,Pakistan     | NULL              | A     |
|      16 | Before We Go               | English  |    NULL |    6.8 | PG-13         |      NULL | India,Japan        | NULL              | U     |
|      17 | This is Us                 | English  |    NULL |    8.8 | TV-14         |      NULL | India,UAE          | NULL              | A     |
|      18 | A Walk to Remember         | English  |    NULL |    7.4 | PG            |  11000000 | India,Sri Lanka    | NULL              | A     |
|      19 | The Notebook               | English  |    NULL |    7.9 | PG-13         |  29000000 | India,South Africa | NULL              | U     |
+---------+----------------------------+----------+---------+--------+---------------+-----------+--------------------+-------------------+-------+
17 rows in set (0.00 sec)

mysql> INSERT INTO ShowsNominated
    -> (Show_Id, Award_Id)
    -> VALUES
    ->   (4,30),
    ->   (5,28),
    ->   (8,32),
    ->   (9,31),
    ->   (14,27),
    ->   (19,26),
    ->   (12,21);
Query OK, 7 rows affected (0.01 sec)
Records: 7  Duplicates: 0  Warnings: 0

mysql> INSERT INTO Organization
    -> (Organization_Id, Name)
    -> VALUES
    ->   (1, 'HPFA'),
    ->   (2, 'AMPAS'),
    ->   (3, 'BFCA');
Query OK, 3 rows affected (0.01 sec)
Records: 3  Duplicates: 0  Warnings: 0

mysql> INSERT INTO Presented_By
    -> (Award_Id, Organization_Id)
    -> VALUES
    ->   (1,1),
    ->   (2,2),
    ->   (3,2),
    ->   (4,2),
    ->   (5,2),
    ->   (6,1),
    ->   (7,2),
    ->   (8,2),
    ->   (9, 2),
    ->   (10,2),
    ->   (11,2),
    ->   (12,2),
    ->   (13,2),
    ->   (14,1),
    ->   (15,3),
    ->   (16,3),
    -> ;
ERROR 1064 (42000): You have an error in your SQL syntax; check the manual that corresponds to your MySQL server version for the right syntax to use near '' at line 19
mysql> INSERT INTO Presented_By
    -> (Award_Id, Organization_Id)
    -> VALUES
    ->   (18,1),
    ->   (19,2),
    ->   (20,2),
    ->   (21,2),
    ->   (22,2),
    ->   (23,1),
    ->   (24,2),
    ->   (25,2),
    ->   (26, 2),
    ->   (27,2),
    ->   (28,2),
    ->   (29,2),
    ->   (30,2),
    ->   (31,1),
    ->   (32,3),
    ->   (33,3),
    ->   (34,3);
Query OK, 17 rows affected (0.04 sec)
Records: 17  Duplicates: 0  Warnings: 0

mysql> select *  from Shows;
+---------+----------------------------+----------+---------+--------+---------------+-----------+--------------------+-------------------+-------+
| Show_Id | Title                      | Language | Ranking | Rating | Certification | Budget    | Release_Countries  | Locations_Made_In | VALUE |
+---------+----------------------------+----------+---------+--------+---------------+-----------+--------------------+-------------------+-------+
|       1 | The Devil Wears Prada      | English  |    NULL |    6.9 | PG-13         |  35000000 | NULL               | NULL              | U     |
|       4 | Captain America: Civil War | English  |    NULL |    7.8 | PG-13         | 250000000 | India              | NULL              | U     |
|       5 | A Quiet Place              | English  |    NULL |    7.6 | PG-13         |  17000000 | UK                 | NULL              | A     |
|       6 | Wonder Woman               | English  |    NULL |    7.5 | PG-13         | 149000000 | India,UK           | NULL              | A     |
|       7 | La La Land                 | English  |    NULL |    8.1 | PG-13         |  30000000 | India,USA          | NULL              | A     |
|       8 | Stranger Things            | English  |    NULL |    8.9 | TV-14         |      NULL | India,Australia    | NULL              | A     |
|       9 | Game of Thrones            | English  |    NULL |    9.5 | TV-MA         |      NULL | India,China        | NULL              | U     |
|      10 | Silicon Valley             | English  |    NULL |    8.6 | TV-MA         |      NULL | India,Korea        | NULL              | A     |
|      11 | Despicable Me              | English  |    NULL |    7.7 | PG            |  69000000 | India,Germany      | NULL              | U     |
|      12 | Coco                       | English  |    NULL |    8.4 | PG            | 175000000 | India,France       | NULL              | U     |
|      13 | The Office                 | English  |    NULL |    8.8 | TV-PG         |      NULL | India,USA          | NULL              | A     |
|      14 | Avengers: Infinity War     | English  |    NULL |    8.5 | PG-13         | 321000000 | India,Italy        | NULL              | U     |
|      15 | Birdman                    | English  |    NULL |    7.7 | R             |  18000000 | India,Pakistan     | NULL              | A     |
|      16 | Before We Go               | English  |    NULL |    6.8 | PG-13         |      NULL | India,Japan        | NULL              | U     |
|      17 | This is Us                 | English  |    NULL |    8.8 | TV-14         |      NULL | India,UAE          | NULL              | A     |
|      18 | A Walk to Remember         | English  |    NULL |    7.4 | PG            |  11000000 | India,Sri Lanka    | NULL              | A     |
|      19 | The Notebook               | English  |    NULL |    7.9 | PG-13         |  29000000 | India,South Africa | NULL              | U     |
+---------+----------------------------+----------+---------+--------+---------------+-----------+--------------------+-------------------+-------+
17 rows in set (0.00 sec)

mysql> select * from Actor;
Empty set (0.02 sec)

mysql> desc actor;
+-------------+-------------+------+-----+---------+-------+
| Field       | Type        | Null | Key | Default | Extra |
+-------------+-------------+------+-----+---------+-------+
| Person_Id   | int         | NO   | PRI | NULL    |       |
| Screen_Name | varchar(30) | YES  |     | NULL    |       |
| Stage_Name  | varchar(30) | YES  |     | NULL    |       |
| Net_Worth   | int         | YES  |     | NULL    |       |
| Since_Year  | int         | YES  |     | NULL    |       |
+-------------+-------------+------+-----+---------+-------+
5 rows in set (0.01 sec)

mysql> select * from Person;
+-----------+--------+------------+-------------+-------------+------------+
| Person_Id | Gender | First_Name | Middle_Name | Last_Name   | DOB        |
+-----------+--------+------------+-------------+-------------+------------+
|        57 | F      | Meryl      | NULL        | Streep      | 1990-08-15 |
|        58 | M      | Robert     | NULL        | Downey      | 1965-04-04 |
|        59 | M      | John       | NULL        | Krasinski   | 1979-10-20 |
|        60 | M      | Anthony    | NULL        | Russo       | 1970-02-03 |
|        61 | F      | Emma       | NULL        | Stone       | 1988-11-06 |
|        62 | F      | Gal        | NULL        | Gadot       | 1985-04-30 |
|        63 | F      | Patty      | NULL        | Jenkins     | 1971-07-24 |
|        64 | M      | Peter      | NULL        | Dinklage    | 1971-07-24 |
|        65 | F      | Milly      | Bobby       | Brown       | 1971-07-24 |
|        66 | M      | Kumail     | NULL        | Nanjiani    | 1971-07-24 |
|        67 | F      | Emilia     | NULL        | Clarke      | 1971-07-24 |
|        68 | M      | Damien     | NULL        | Chazelle    | 1985-01-19 |
|        69 | M      | Ramin      | NULL        | Djawadi     | 1974-07-19 |
|        70 | M      | Matt       | NULL        | Duffer      | 1984-02-15 |
|        71 | M      | Ross       | NULL        | Duffer      | 1984-02-15 |
|        72 | M      | David      | NULL        | Russell     | 1970-08-20 |
|        73 | M      | Matthew    | NULL        | Jensen      | 2001-05-29 |
|        74 | F      | Charlotte  | Bruss       | Christensen | 1978-03-20 |
|        75 | M      | User       | NULL        | 1           | 2001-05-29 |
|        76 | F      | User       | NULL        | 2           | 1999-03-20 |
|        77 | F      | Emily      | NULL        | Blunt       | 1983-02-23 |
|        78 | M      | Chris      | NULL        | Evans       | 1981-06-13 |
|        79 | M      | Chris      | NULL        | Pine        | 1980-08-26 |
|        80 | M      | Ryan       | NULL        | Gosling     | 1980-11-12 |
|        81 | M      | Steve      | NULL        | Carell      | 1962-08-16 |
|        82 | F      | Mandy      | NULL        | Moore       | 1984-04-10 |
|        83 | M      | Tom        | NULL        | Cross       | 2001-05-29 |
|        84 | M      | Joe        | NULL        | Russo       | 1971-07-08 |
+-----------+--------+------------+-------------+-------------+------------+
28 rows in set (0.00 sec)

mysql> INSERT INTO Actor
    -> (Person_Id, Net_Worth, Since_Year)
    -> VALUES
    ->   (57, 90, 1969),
    ->   (58, 300, 1970),
    ->   (59, 30, 2000),
    ->   (60, 28, 2004),
    ->   (61, 10, 2004),
    ->   (62, 15, 1995),
    ->   (63, 3, 2013),
    ->   (64, 6, 2008),
    ->   (65, 13, 2009),
    ->   (77, 16, 2004),
    ->   (78, 50, 1995),
    ->   (79, 20, 2013),
    ->   (80, 60, 2008),
    ->   (81, 50, 2009),
    ->   (82, 10, 2009);
Query OK, 15 rows affected (0.01 sec)
Records: 15  Duplicates: 0  Warnings: 0

mysql> select * from Actor
    -> ;
+-----------+-------------+------------+-----------+------------+
| Person_Id | Screen_Name | Stage_Name | Net_Worth | Since_Year |
+-----------+-------------+------------+-----------+------------+
|        57 | NULL        | NULL       |        90 |       1969 |
|        58 | NULL        | NULL       |       300 |       1970 |
|        59 | NULL        | NULL       |        30 |       2000 |
|        60 | NULL        | NULL       |        28 |       2004 |
|        61 | NULL        | NULL       |        10 |       2004 |
|        62 | NULL        | NULL       |        15 |       1995 |
|        63 | NULL        | NULL       |         3 |       2013 |
|        64 | NULL        | NULL       |         6 |       2008 |
|        65 | NULL        | NULL       |        13 |       2009 |
|        77 | NULL        | NULL       |        16 |       2004 |
|        78 | NULL        | NULL       |        50 |       1995 |
|        79 | NULL        | NULL       |        20 |       2013 |
|        80 | NULL        | NULL       |        60 |       2008 |
|        81 | NULL        | NULL       |        50 |       2009 |
|        82 | NULL        | NULL       |        10 |       2009 |
+-----------+-------------+------------+-----------+------------+
15 rows in set (0.00 sec)

mysql> desc Acting;
+-----------------+-------------+------+-----+---------+-------+
| Field           | Type        | Null | Key | Default | Extra |
+-----------------+-------------+------+-----+---------+-------+
| Actor_Id        | int         | NO   | PRI | NULL    |       |
| Show_Id         | int         | NO   | PRI | NULL    |       |
| Role_First_Name | varchar(50) | YES  |     | NULL    |       |
| Role_Last_Name  | varchar(50) | YES  |     | NULL    |       |
+-----------------+-------------+------+-----+---------+-------+
4 rows in set (0.01 sec)

mysql> INSERT INTO Acting
    -> (Actor_Id, Show_Id, Role_First_Name, Role_Last_Name)
    -> VALUES
    ->   (1,1, 'Miranda', 'Priestly'),
    ->   (21,1, 'Emily', null),
    ->   (2,4, 'Tony', 'Stark'),
    ->   (22,4, 'Steve', 'Rogers'),
    ->   (3,5, 'Lee', 'Abbott'),
    ->   (21,5, 'Evelyn', 'Abbott'),
    ->   (6,6, 'Diana', null),
    ->   (23,6, 'Steve', 'Trevor'),
    ->   (5,7, 'Mia', null),
    ->   (24,7, 'Sebastian', null),
    ->   (9,8, 'Eleven', null),
    ->   (8,9, 'Tyrion', 'Lannister'),
    ->   (11,9, 'Daenerys', 'Targaryen'),
    ->   (10,10, 'Dinesh', 'Chugtai'),
    ->   (25,11, 'Gru', null),
    ->   (25,13, 'Michael', 'Scott'),
    ->   (3,13, 'Jim', 'Halpert'),
    ->   (2,14, 'Tony', 'Stark'),
    ->   (22,14, 'Steve', 'Rogers'),
    ->   (5,15, 'Sam', null),
    ->   (22,16, 'Nick', null),
    ->   (26,17, 'Rebecca', 'Pearson'),
    ->   (26,18, 'Jamie', 'Sullivan'),
    ->   (24,19, 'Noah', null);
ERROR 1452 (23000): Cannot add or update a child row: a foreign key constraint fails (`moviedb`.`acting`, CONSTRAINT `acting_ibfk_1` FOREIGN KEY (`Actor_Id`) REFERENCES `actor` (`Person_Id`) ON DELETE CASCADE)
mysql> Select * from Acting
    -> ;
Empty set (0.00 sec)

mysql> select * from Shows;
+---------+----------------------------+----------+---------+--------+---------------+-----------+--------------------+-------------------+-------+
| Show_Id | Title                      | Language | Ranking | Rating | Certification | Budget    | Release_Countries  | Locations_Made_In | VALUE |
+---------+----------------------------+----------+---------+--------+---------------+-----------+--------------------+-------------------+-------+
|       1 | The Devil Wears Prada      | English  |    NULL |    6.9 | PG-13         |  35000000 | NULL               | NULL              | U     |
|       4 | Captain America: Civil War | English  |    NULL |    7.8 | PG-13         | 250000000 | India              | NULL              | U     |
|       5 | A Quiet Place              | English  |    NULL |    7.6 | PG-13         |  17000000 | UK                 | NULL              | A     |
|       6 | Wonder Woman               | English  |    NULL |    7.5 | PG-13         | 149000000 | India,UK           | NULL              | A     |
|       7 | La La Land                 | English  |    NULL |    8.1 | PG-13         |  30000000 | India,USA          | NULL              | A     |
|       8 | Stranger Things            | English  |    NULL |    8.9 | TV-14         |      NULL | India,Australia    | NULL              | A     |
|       9 | Game of Thrones            | English  |    NULL |    9.5 | TV-MA         |      NULL | India,China        | NULL              | U     |
|      10 | Silicon Valley             | English  |    NULL |    8.6 | TV-MA         |      NULL | India,Korea        | NULL              | A     |
|      11 | Despicable Me              | English  |    NULL |    7.7 | PG            |  69000000 | India,Germany      | NULL              | U     |
|      12 | Coco                       | English  |    NULL |    8.4 | PG            | 175000000 | India,France       | NULL              | U     |
|      13 | The Office                 | English  |    NULL |    8.8 | TV-PG         |      NULL | India,USA          | NULL              | A     |
|      14 | Avengers: Infinity War     | English  |    NULL |    8.5 | PG-13         | 321000000 | India,Italy        | NULL              | U     |
|      15 | Birdman                    | English  |    NULL |    7.7 | R             |  18000000 | India,Pakistan     | NULL              | A     |
|      16 | Before We Go               | English  |    NULL |    6.8 | PG-13         |      NULL | India,Japan        | NULL              | U     |
|      17 | This is Us                 | English  |    NULL |    8.8 | TV-14         |      NULL | India,UAE          | NULL              | A     |
|      18 | A Walk to Remember         | English  |    NULL |    7.4 | PG            |  11000000 | India,Sri Lanka    | NULL              | A     |
|      19 | The Notebook               | English  |    NULL |    7.9 | PG-13         |  29000000 | India,South Africa | NULL              | U     |
+---------+----------------------------+----------+---------+--------+---------------+-----------+--------------------+-------------------+-------+
17 rows in set (0.00 sec)

mysql> INSERT INTO Acting
    -> (Actor_Id, Show_Id, Role_First_Name, Role_Last_Name)
    -> VALUES
    ->   (77,1, 'Emily', null),
    ->   (58,4, 'Tony', 'Stark'),
    ->   (78,4, 'Steve', 'Rogers'),
    ->   (59,5, 'Lee', 'Abbott'),
    ->   (77,5, 'Evelyn', 'Abbott'),
    ->   (62,6, 'Diana', null),
    ->   (79,6, 'Steve', 'Trevor'),
    ->   (61,7, 'Mia', null),
    ->   (80,7, 'Sebastian', null),
    ->   (65,8, 'Eleven', null),
    ->   (64,9, 'Tyrion', 'Lannister'),
    ->   (67,9, 'Daenerys', 'Targaryen'),
    ->   (66,10, 'Dinesh', 'Chugtai'),
    ->   (81,11, 'Gru', null),
    ->   (81,13, 'Michael', 'Scott'),
    ->   (59,13, 'Jim', 'Halpert'),
    ->   (58,14, 'Tony', 'Stark'),
    ->   (78,14, 'Steve', 'Rogers'),
    ->   (61,15, 'Sam', null),
    ->   (78,16, 'Nick', null),
    ->   (82,17, 'Rebecca', 'Pearson'),
    ->   (82,18, 'Jamie', 'Sullivan'),
    ->   (80,19, 'Noah', null);
ERROR 1452 (23000): Cannot add or update a child row: a foreign key constraint fails (`moviedb`.`acting`, CONSTRAINT `acting_ibfk_1` FOREIGN KEY (`Actor_Id`) REFERENCES `actor` (`Person_Id`) ON DELETE CASCADE)
mysql> desc actor;
+-------------+-------------+------+-----+---------+-------+
| Field       | Type        | Null | Key | Default | Extra |
+-------------+-------------+------+-----+---------+-------+
| Person_Id   | int         | NO   | PRI | NULL    |       |
| Screen_Name | varchar(30) | YES  |     | NULL    |       |
| Stage_Name  | varchar(30) | YES  |     | NULL    |       |
| Net_Worth   | int         | YES  |     | NULL    |       |
| Since_Year  | int         | YES  |     | NULL    |       |
+-------------+-------------+------+-----+---------+-------+
5 rows in set (0.01 sec)

mysql> desc acting;
+-----------------+-------------+------+-----+---------+-------+
| Field           | Type        | Null | Key | Default | Extra |
+-----------------+-------------+------+-----+---------+-------+
| Actor_Id        | int         | NO   | PRI | NULL    |       |
| Show_Id         | int         | NO   | PRI | NULL    |       |
| Role_First_Name | varchar(50) | YES  |     | NULL    |       |
| Role_Last_Name  | varchar(50) | YES  |     | NULL    |       |
+-----------------+-------------+------+-----+---------+-------+
4 rows in set (0.00 sec)

mysql> select * from Shows;
+---------+----------------------------+----------+---------+--------+---------------+-----------+--------------------+-------------------+-------+
| Show_Id | Title                      | Language | Ranking | Rating | Certification | Budget    | Release_Countries  | Locations_Made_In | VALUE |
+---------+----------------------------+----------+---------+--------+---------------+-----------+--------------------+-------------------+-------+
|       1 | The Devil Wears Prada      | English  |    NULL |    6.9 | PG-13         |  35000000 | NULL               | NULL              | U     |
|       4 | Captain America: Civil War | English  |    NULL |    7.8 | PG-13         | 250000000 | India              | NULL              | U     |
|       5 | A Quiet Place              | English  |    NULL |    7.6 | PG-13         |  17000000 | UK                 | NULL              | A     |
|       6 | Wonder Woman               | English  |    NULL |    7.5 | PG-13         | 149000000 | India,UK           | NULL              | A     |
|       7 | La La Land                 | English  |    NULL |    8.1 | PG-13         |  30000000 | India,USA          | NULL              | A     |
|       8 | Stranger Things            | English  |    NULL |    8.9 | TV-14         |      NULL | India,Australia    | NULL              | A     |
|       9 | Game of Thrones            | English  |    NULL |    9.5 | TV-MA         |      NULL | India,China        | NULL              | U     |
|      10 | Silicon Valley             | English  |    NULL |    8.6 | TV-MA         |      NULL | India,Korea        | NULL              | A     |
|      11 | Despicable Me              | English  |    NULL |    7.7 | PG            |  69000000 | India,Germany      | NULL              | U     |
|      12 | Coco                       | English  |    NULL |    8.4 | PG            | 175000000 | India,France       | NULL              | U     |
|      13 | The Office                 | English  |    NULL |    8.8 | TV-PG         |      NULL | India,USA          | NULL              | A     |
|      14 | Avengers: Infinity War     | English  |    NULL |    8.5 | PG-13         | 321000000 | India,Italy        | NULL              | U     |
|      15 | Birdman                    | English  |    NULL |    7.7 | R             |  18000000 | India,Pakistan     | NULL              | A     |
|      16 | Before We Go               | English  |    NULL |    6.8 | PG-13         |      NULL | India,Japan        | NULL              | U     |
|      17 | This is Us                 | English  |    NULL |    8.8 | TV-14         |      NULL | India,UAE          | NULL              | A     |
|      18 | A Walk to Remember         | English  |    NULL |    7.4 | PG            |  11000000 | India,Sri Lanka    | NULL              | A     |
|      19 | The Notebook               | English  |    NULL |    7.9 | PG-13         |  29000000 | India,South Africa | NULL              | U     |
+---------+----------------------------+----------+---------+--------+---------------+-----------+--------------------+-------------------+-------+
17 rows in set (0.00 sec)

mysql> INSERT INTO Acting
    -> (Actor_Id, Show_Id, Role_First_Name, Role_Last_Name)
    -> VALUES
    ->   (77,1, 'Emily', null),
    ->   (58,4, 'Tony', 'Stark'),
    ->   (78,4, 'Steve', 'Rogers'),
    ->   (59,5, 'Lee', 'Abbott'),
    ->   (62,6, 'Diana', null),
    ->   (79,6, 'Steve', 'Trevor'),
    ->   (80,7, 'Sebastian', null),
    ->   (65,8, 'Eleven', null),
    ->   (64,9, 'Tyrion', 'Lannister'),
    ->   (67,9, 'Daenerys', 'Targaryen'),
    ->   (66,10, 'Dinesh', 'Chugtai'),
    ->   (81,11, 'Gru', null),
    ->   (59,13, 'Jim', 'Halpert'),
    ->   (61,15, 'Sam', null),
    ->   (82,17, 'Rebecca', 'Pearson'),
    -> ;
ERROR 1064 (42000): You have an error in your SQL syntax; check the manual that corresponds to your MySQL server version for the right syntax to use near '' at line 18
mysql> INSERT INTO Acting
    -> (Actor_Id, Show_Id, Role_First_Name, Role_Last_Name)
    -> VALUES
    ->   (77,1, 'Emily', null),
    ->   (58,4, 'Tony', 'Stark'),
    ->   (78,4, 'Steve', 'Rogers'),
    ->   (59,5, 'Lee', 'Abbott'),
    ->   (62,6, 'Diana', null),
    ->   (79,6, 'Steve', 'Trevor'),
    ->   (80,7, 'Sebastian', null),
    ->   (65,8, 'Eleven', null),
    ->   (64,9, 'Tyrion', 'Lannister'),
    ->   (67,9, 'Daenerys', 'Targaryen'),
    ->   (66,10, 'Dinesh', 'Chugtai'),
    ->   (81,11, 'Gru', null),
    ->   (59,13, 'Jim', 'Halpert'),
    ->   (61,15, 'Sam', null),
    ->   (82,17, 'Rebecca', 'Pearson');
ERROR 1452 (23000): Cannot add or update a child row: a foreign key constraint fails (`moviedb`.`acting`, CONSTRAINT `acting_ibfk_1` FOREIGN KEY (`Actor_Id`) REFERENCES `actor` (`Person_Id`) ON DELETE CASCADE)
mysql> desc acting;
+-----------------+-------------+------+-----+---------+-------+
| Field           | Type        | Null | Key | Default | Extra |
+-----------------+-------------+------+-----+---------+-------+
| Actor_Id        | int         | NO   | PRI | NULL    |       |
| Show_Id         | int         | NO   | PRI | NULL    |       |
| Role_First_Name | varchar(50) | YES  |     | NULL    |       |
| Role_Last_Name  | varchar(50) | YES  |     | NULL    |       |
+-----------------+-------------+------+-----+---------+-------+
4 rows in set (0.00 sec)

mysql> INSERT INTO Acting
    -> (Actor_Id, Show_Id, Role_First_Name, Role_Last_Name)
    -> VALUES
    ->   (1,1, 'Emily', null);
ERROR 1452 (23000): Cannot add or update a child row: a foreign key constraint fails (`moviedb`.`acting`, CONSTRAINT `acting_ibfk_1` FOREIGN KEY (`Actor_Id`) REFERENCES `actor` (`Person_Id`) ON DELETE CASCADE)
mysql> drop table Acting;
Query OK, 0 rows affected (0.06 sec)

mysql> CREATE TABLE Acting(
    ->     Actor_Id INTEGER NOT NULL,
    ->     Show_Id INTEGER NOT NULL,
    ->     Role_First_Name VARCHAR(50),
    ->     Role_Last_Name VARCHAR(50),
    ->     PRIMARY KEY(Actor_Id,Show_Id),
    ->     FOREIGN KEY(Actor_Id) REFERENCES Actor(Person_Id),
    ->     FOREIGN KEY(Show_Id) REFERENCES Shows(Show_Id));
Query OK, 0 rows affected (0.05 sec)

mysql> INSERT INTO Acting
    -> (Actor_Id, Show_Id, Role_First_Name, Role_Last_Name)
    -> VALUES
    ->   (77,1, 'Emily', null),
    ->   (58,4, 'Tony', 'Stark'),
    ->   (78,4, 'Steve', 'Rogers'),
    ->   (59,5, 'Lee', 'Abbott'),
    ->   (77,5, 'Evelyn', 'Abbott'),
    ->   (62,6, 'Diana', null),
    ->   (79,6, 'Steve', 'Trevor'),
    ->   (61,7, 'Mia', null),
    ->   (80,7, 'Sebastian', null),
    ->   (65,8, 'Eleven', null),
    ->   (64,9, 'Tyrion', 'Lannister'),
    ->   (67,9, 'Daenerys', 'Targaryen'),
    ->   (66,10, 'Dinesh', 'Chugtai'),
    ->   (81,11, 'Gru', null),
    ->   (81,13, 'Michael', 'Scott'),
    ->   (59,13, 'Jim', 'Halpert'),
    ->   (58,14, 'Tony', 'Stark'),
    ->   (78,14, 'Steve', 'Rogers'),
    ->   (61,15, 'Sam', null),
    ->   (78,16, 'Nick', null),
    ->   (82,17, 'Rebecca', 'Pearson'),
    ->   (82,18, 'Jamie', 'Sullivan'),
    ->   (80,19, 'Noah', null);
ERROR 1452 (23000): Cannot add or update a child row: a foreign key constraint fails (`moviedb`.`acting`, CONSTRAINT `acting_ibfk_1` FOREIGN KEY (`Actor_Id`) REFERENCES `actor` (`Person_Id`))
mysql> Drop table Actor;
ERROR 3730 (HY000): Cannot drop table 'actor' referenced by a foreign key constraint 'acting_ibfk_1' on table 'acting'.
mysql> Drop table Acting;
Query OK, 0 rows affected (0.04 sec)

mysql> Drop table Actor;
Query OK, 0 rows affected (0.03 sec)

mysql> CREATE TABLE Actor(
    ->     Person_Id INTEGER NOT NULL,
    ->     Screen_Name VARCHAR(30),
    ->     Stage_Name VARCHAR(30),
    ->     Net_Worth INTEGER,
    ->     Since_Year INTEGER,
    ->     PRIMARY KEY(Person_Id),
    ->     FOREIGN KEY(Person_Id) REFERENCES Person(Person_Id));
Query OK, 0 rows affected (0.03 sec)

mysql> INSERT INTO Actor
    -> (Person_Id, Net_Worth, Since_Year)
    -> VALUES
    ->   (57, 90, 1969),
    ->   (58, 300, 1970),
    ->   (59, 30, 2000),
    ->   (60, 28, 2004),
    ->   (61, 10, 2004),
    ->   (62, 15, 1995),
    ->   (63, 3, 2013),
    ->   (64, 6, 2008),
    ->   (65, 13, 2009),
    ->   (77, 16, 2004),
    ->   (78, 50, 1995),
    ->   (79, 20, 2013),
    ->   (80, 60, 2008),
    ->   (81, 50, 2009),
    ->   (82, 10, 2009);
Query OK, 15 rows affected (0.01 sec)
Records: 15  Duplicates: 0  Warnings: 0

mysql>
mysql> CREATE TABLE Acting(
    ->     Actor_Id INTEGER NOT NULL,
    ->     Show_Id INTEGER NOT NULL,
    ->     Role_First_Name VARCHAR(50),
    ->     Role_Last_Name VARCHAR(50),
    ->     PRIMARY KEY(Actor_Id,Show_Id),
    ->     FOREIGN KEY(Actor_Id) REFERENCES Actor(Person_Id),
    ->     FOREIGN KEY(Show_Id) REFERENCES Shows(Show_Id));
Query OK, 0 rows affected (0.04 sec)

mysql> INSERT INTO Acting
    -> (Actor_Id, Show_Id, Role_First_Name, Role_Last_Name)
    -> VALUES
    ->   (77,1, 'Emily', null),
    ->   (58,4, 'Tony', 'Stark'),
    ->   (78,4, 'Steve', 'Rogers'),
    ->   (59,5, 'Lee', 'Abbott'),
    ->   (77,5, 'Evelyn', 'Abbott'),
    ->   (62,6, 'Diana', null),
    ->   (79,6, 'Steve', 'Trevor'),
    ->   (61,7, 'Mia', null),
    ->   (80,7, 'Sebastian', null),
    ->   (65,8, 'Eleven', null),
    ->   (64,9, 'Tyrion', 'Lannister'),
    ->   (67,9, 'Daenerys', 'Targaryen'),
    ->   (66,10, 'Dinesh', 'Chugtai'),
    ->   (81,11, 'Gru', null),
    ->   (81,13, 'Michael', 'Scott'),
    ->   (59,13, 'Jim', 'Halpert'),
    ->   (58,14, 'Tony', 'Stark'),
    ->   (78,14, 'Steve', 'Rogers'),
    ->   (61,15, 'Sam', null),
    ->   (78,16, 'Nick', null),
    ->   (82,17, 'Rebecca', 'Pearson'),
    ->   (82,18, 'Jamie', 'Sullivan'),
    ->   (80,19, 'Noah', null);
ERROR 1452 (23000): Cannot add or update a child row: a foreign key constraint fails (`moviedb`.`acting`, CONSTRAINT `acting_ibfk_1` FOREIGN KEY (`Actor_Id`) REFERENCES `actor` (`Person_Id`))
mysql> Drop Acting;
ERROR 1064 (42000): You have an error in your SQL syntax; check the manual that corresponds to your MySQL server version for the right syntax to use near 'Acting' at line 1
mysql> Drop table Acting;
Query OK, 0 rows affected (0.03 sec)

mysql> CREATE TABLE Acting(
    ->     Actor_Id INTEGER NOT NULL,
    ->     Show_Id INTEGER NOT NULL,
    ->     Role_First_Name VARCHAR(50),
    ->     Role_Last_Name VARCHAR(50),
    ->     PRIMARY KEY(Actor_Id,Show_Id),
    ->     FOREIGN KEY(Actor_Id) REFERENCES Person(Person_Id),
    ->     FOREIGN KEY(Show_Id) REFERENCES Shows(Show_Id));
Query OK, 0 rows affected (0.04 sec)

mysql> INSERT INTO Acting
    -> (Actor_Id, Show_Id, Role_First_Name, Role_Last_Name)
    -> VALUES
    ->   (77,1, 'Emily', null),
    ->   (58,4, 'Tony', 'Stark'),
    ->   (78,4, 'Steve', 'Rogers'),
    ->   (59,5, 'Lee', 'Abbott'),
    ->   (77,5, 'Evelyn', 'Abbott'),
    ->   (62,6, 'Diana', null),
    ->   (79,6, 'Steve', 'Trevor'),
    ->   (61,7, 'Mia', null),
    ->   (80,7, 'Sebastian', null),
    ->   (65,8, 'Eleven', null),
    ->   (64,9, 'Tyrion', 'Lannister'),
    ->   (67,9, 'Daenerys', 'Targaryen'),
    ->   (66,10, 'Dinesh', 'Chugtai'),
    ->   (81,11, 'Gru', null),
    ->   (81,13, 'Michael', 'Scott'),
    ->   (59,13, 'Jim', 'Halpert'),
    ->   (58,14, 'Tony', 'Stark'),
    ->   (78,14, 'Steve', 'Rogers'),
    ->   (61,15, 'Sam', null),
    ->   (78,16, 'Nick', null),
    ->   (82,17, 'Rebecca', 'Pearson'),
    ->   (82,18, 'Jamie', 'Sullivan'),
    ->   (80,19, 'Noah', null);
Query OK, 23 rows affected (0.01 sec)
Records: 23  Duplicates: 0  Warnings: 0

mysql> Select * from Acting;
+----------+---------+-----------------+----------------+
| Actor_Id | Show_Id | Role_First_Name | Role_Last_Name |
+----------+---------+-----------------+----------------+
|       58 |       4 | Tony            | Stark          |
|       58 |      14 | Tony            | Stark          |
|       59 |       5 | Lee             | Abbott         |
|       59 |      13 | Jim             | Halpert        |
|       61 |       7 | Mia             | NULL           |
|       61 |      15 | Sam             | NULL           |
|       62 |       6 | Diana           | NULL           |
|       64 |       9 | Tyrion          | Lannister      |
|       65 |       8 | Eleven          | NULL           |
|       66 |      10 | Dinesh          | Chugtai        |
|       67 |       9 | Daenerys        | Targaryen      |
|       77 |       1 | Emily           | NULL           |
|       77 |       5 | Evelyn          | Abbott         |
|       78 |       4 | Steve           | Rogers         |
|       78 |      14 | Steve           | Rogers         |
|       78 |      16 | Nick            | NULL           |
|       79 |       6 | Steve           | Trevor         |
|       80 |       7 | Sebastian       | NULL           |
|       80 |      19 | Noah            | NULL           |
|       81 |      11 | Gru             | NULL           |
|       81 |      13 | Michael         | Scott          |
|       82 |      17 | Rebecca         | Pearson        |
|       82 |      18 | Jamie           | Sullivan       |
+----------+---------+-----------------+----------------+
23 rows in set (0.00 sec)

mysql> Select * from Person;
+-----------+--------+------------+-------------+-------------+------------+
| Person_Id | Gender | First_Name | Middle_Name | Last_Name   | DOB        |
+-----------+--------+------------+-------------+-------------+------------+
|        57 | F      | Meryl      | NULL        | Streep      | 1990-08-15 |
|        58 | M      | Robert     | NULL        | Downey      | 1965-04-04 |
|        59 | M      | John       | NULL        | Krasinski   | 1979-10-20 |
|        60 | M      | Anthony    | NULL        | Russo       | 1970-02-03 |
|        61 | F      | Emma       | NULL        | Stone       | 1988-11-06 |
|        62 | F      | Gal        | NULL        | Gadot       | 1985-04-30 |
|        63 | F      | Patty      | NULL        | Jenkins     | 1971-07-24 |
|        64 | M      | Peter      | NULL        | Dinklage    | 1971-07-24 |
|        65 | F      | Milly      | Bobby       | Brown       | 1971-07-24 |
|        66 | M      | Kumail     | NULL        | Nanjiani    | 1971-07-24 |
|        67 | F      | Emilia     | NULL        | Clarke      | 1971-07-24 |
|        68 | M      | Damien     | NULL        | Chazelle    | 1985-01-19 |
|        69 | M      | Ramin      | NULL        | Djawadi     | 1974-07-19 |
|        70 | M      | Matt       | NULL        | Duffer      | 1984-02-15 |
|        71 | M      | Ross       | NULL        | Duffer      | 1984-02-15 |
|        72 | M      | David      | NULL        | Russell     | 1970-08-20 |
|        73 | M      | Matthew    | NULL        | Jensen      | 2001-05-29 |
|        74 | F      | Charlotte  | Bruss       | Christensen | 1978-03-20 |
|        75 | M      | User       | NULL        | 1           | 2001-05-29 |
|        76 | F      | User       | NULL        | 2           | 1999-03-20 |
|        77 | F      | Emily      | NULL        | Blunt       | 1983-02-23 |
|        78 | M      | Chris      | NULL        | Evans       | 1981-06-13 |
|        79 | M      | Chris      | NULL        | Pine        | 1980-08-26 |
|        80 | M      | Ryan       | NULL        | Gosling     | 1980-11-12 |
|        81 | M      | Steve      | NULL        | Carell      | 1962-08-16 |
|        82 | F      | Mandy      | NULL        | Moore       | 1984-04-10 |
|        83 | M      | Tom        | NULL        | Cross       | 2001-05-29 |
|        84 | M      | Joe        | NULL        | Russo       | 1971-07-08 |
+-----------+--------+------------+-------------+-------------+------------+
28 rows in set (0.01 sec)

mysql> Select * from Actor;
+-----------+-------------+------------+-----------+------------+
| Person_Id | Screen_Name | Stage_Name | Net_Worth | Since_Year |
+-----------+-------------+------------+-----------+------------+
|        57 | NULL        | NULL       |        90 |       1969 |
|        58 | NULL        | NULL       |       300 |       1970 |
|        59 | NULL        | NULL       |        30 |       2000 |
|        60 | NULL        | NULL       |        28 |       2004 |
|        61 | NULL        | NULL       |        10 |       2004 |
|        62 | NULL        | NULL       |        15 |       1995 |
|        63 | NULL        | NULL       |         3 |       2013 |
|        64 | NULL        | NULL       |         6 |       2008 |
|        65 | NULL        | NULL       |        13 |       2009 |
|        77 | NULL        | NULL       |        16 |       2004 |
|        78 | NULL        | NULL       |        50 |       1995 |
|        79 | NULL        | NULL       |        20 |       2013 |
|        80 | NULL        | NULL       |        60 |       2008 |
|        81 | NULL        | NULL       |        50 |       2009 |
|        82 | NULL        | NULL       |        10 |       2009 |
+-----------+-------------+------------+-----------+------------+
15 rows in set (0.01 sec)

mysql> INSERT INTO Director
    -> (Person_Id, Direction_Type,Since_Year)
    -> VALUES
    ->   (59, 'Movie', 2010),
    ->   (60, 'Movie', 1994),
    ->   (84, 'Movie', 1994),
    ->   (63, 'Movie', 1995),
    ->   (69, 'Music', 1998),
    ->   (68, 'Movie', 2009),
    ->   (70, 'Movie', 2005),
    ->   (71, 'Movie', 2005),
    ->   (78, 'Movie', 2014);
Query OK, 9 rows affected (0.01 sec)
Records: 9  Duplicates: 0  Warnings: 0

mysql> INSERT INTO Direction
    -> (Director_Id, Show_Id)
    -> VALUES
    ->   (3,5),
    ->   (4,4),
    ->   (7,6),
    ->   (12,7),
    ->   (13,9),
    ->   (14, 8),
    ->   (15, 8),
    ->   (22,16);
ERROR 1452 (23000): Cannot add or update a child row: a foreign key constraint fails (`moviedb`.`direction`, CONSTRAINT `direction_ibfk_1` FOREIGN KEY (`Director_Id`) REFERENCES `director` (`Person_Id`) ON DELETE CASCADE)
mysql> Drop table Direction;
Query OK, 0 rows affected (0.03 sec)

mysql> CREATE TABLE Direction(
    ->     Director_Id INTEGER NOT NULL,
    ->     Show_Id INTEGER NOT NULL,
    ->     PRIMARY KEY(Director_Id,Show_Id),
    ->     FOREIGN KEY(Director_Id) REFERENCES Director(Person_Id),
    ->     FOREIGN KEY(Show_Id) REFERENCES Shows(Show_Id)
    -> );
Query OK, 0 rows affected (0.02 sec)

mysql> INSERT INTO Direction
    -> (Director_Id, Show_Id)
    -> VALUES
    ->   (3,5),
    ->   (4,4),
    ->   (7,6),
    ->   (12,7),
    ->   (13,9),
    ->   (14, 8),
    ->   (15, 8),
    ->   (22,16);
ERROR 1452 (23000): Cannot add or update a child row: a foreign key constraint fails (`moviedb`.`direction`, CONSTRAINT `direction_ibfk_1` FOREIGN KEY (`Director_Id`) REFERENCES `director` (`Person_Id`))
mysql> Drop table Director;
ERROR 3730 (HY000): Cannot drop table 'director' referenced by a foreign key constraint 'direction_ibfk_1' on table 'direction'.
mysql> Drop table Direction;
Query OK, 0 rows affected (0.02 sec)

mysql> Drop table Director;
Query OK, 0 rows affected (0.01 sec)

mysql> CREATE TABLE Director(
    ->     Person_Id INTEGER NOT NULL,
    ->     Direction_Type VARCHAR(10),
    ->     Since_Year INTEGER,
    ->     PRIMARY KEY(Person_Id),
    ->     CHECK (Direction_Type IN(‘Music’,’Movie’,’Dance’,’Art’)),
    ->     FOREIGN KEY(Person_Id) REFERENCES Person(Person_Id)
    -> );
ERROR 1064 (42000): You have an error in your SQL syntax; check the manual that corresponds to your MySQL server version for the right syntax to use near '?Music?,?Movie?,?Dance?,?Art?)),
    FOREIGN KEY(Person_Id) REFERENCES Person(Pe' at line 6
mysql> CREATE TABLE Director(
    ->     Person_Id INTEGER NOT NULL,
    ->     Direction_Type VARCHAR(10),
    ->     Since_Year INTEGER,
    ->     PRIMARY KEY(Person_Id),
    ->     CHECK (Direction_Type IN(‘Music’,’Movie’,’Dance’,’Art’)),
    ->     FOREIGN KEY(Person_Id) REFERENCES Person(Person_Id)
    -> );
ERROR 1064 (42000): You have an error in your SQL syntax; check the manual that corresponds to your MySQL server version for the right syntax to use near '?Music?,?Movie?,?Dance?,?Art?)),
    FOREIGN KEY(Person_Id) REFERENCES Person(Pe' at line 6
mysql> CREATE TABLE Director(
    ->     Person_Id INTEGER NOT NULL,
    ->     Direction_Type VARCHAR(10),
    ->     Since_Year INTEGER,
    ->     PRIMARY KEY(Person_Id),
    ->     CHECK (Direction_Type IN('Music','Movie','Dance','Art')),
    ->     FOREIGN KEY(Person_Id) REFERENCES Person(Person_Id)
    -> );
Query OK, 0 rows affected (0.02 sec)

mysql> INSERT INTO Director
    -> (Person_Id, Direction_Type,Since_Year)
    -> VALUES
    ->   (59, 'Movie', 2010),
    ->   (60, 'Movie', 1994),
    ->   (84, 'Movie', 1994),
    ->   (63, 'Movie', 1995),
    ->   (69, 'Music', 1998),
    ->   (68, 'Movie', 2009),
    ->   (70, 'Movie', 2005),
    ->   (71, 'Movie', 2005),
    ->   (78, 'Movie', 2014);
Query OK, 9 rows affected (0.01 sec)
Records: 9  Duplicates: 0  Warnings: 0

mysql> ^C
mysql> CREATE TABLE Direction(
    ->     Director_Id INTEGER NOT NULL,
    ->     Show_Id INTEGER NOT NULL,
    ->     PRIMARY KEY(Director_Id,Show_Id),
    ->     FOREIGN KEY(Director_Id) REFERENCES Director(Person_Id),
    ->     FOREIGN KEY(Show_Id) REFERENCES Shows(Show_Id)
    -> );
Query OK, 0 rows affected (0.03 sec)

mysql> ^C
mysql> INSERT INTO Direction
    -> (Director_Id, Show_Id)
    -> VALUES
    ->   (3,5),
    ->   (4,4),
    ->   (7,6),
    ->   (12,7),
    ->   (13,9),
    ->   (14, 8),
    ->   (15, 8),
    ->   (22,16);
ERROR 1452 (23000): Cannot add or update a child row: a foreign key constraint fails (`moviedb`.`direction`, CONSTRAINT `direction_ibfk_1` FOREIGN KEY (`Director_Id`) REFERENCES `director` (`Person_Id`))
mysql> INSERT INTO Direction
    -> (Director_Id, Show_Id)
    -> VALUES
    ->   (3,5),
    ->   (4,4),
    ->   (7,6),
    ->   (12,7),
    ->   (13,9),
    ->   (14, 8),
    ->   (15, 8),
    ->   (22,16);
ERROR 1452 (23000): Cannot add or update a child row: a foreign key constraint fails (`moviedb`.`direction`, CONSTRAINT `direction_ibfk_1` FOREIGN KEY (`Director_Id`) REFERENCES `director` (`Person_Id`))
mysql> Select * from Director;
+-----------+----------------+------------+
| Person_Id | Direction_Type | Since_Year |
+-----------+----------------+------------+
|        59 | Movie          |       2010 |
|        60 | Movie          |       1994 |
|        63 | Movie          |       1995 |
|        68 | Movie          |       2009 |
|        69 | Music          |       1998 |
|        70 | Movie          |       2005 |
|        71 | Movie          |       2005 |
|        78 | Movie          |       2014 |
|        84 | Movie          |       1994 |
+-----------+----------------+------------+
9 rows in set (0.00 sec)

mysql> Drop table Director;
ERROR 3730 (HY000): Cannot drop table 'director' referenced by a foreign key constraint 'direction_ibfk_1' on table 'direction'.
mysql> Drop table Direction;
Query OK, 0 rows affected (0.01 sec)

mysql> Drop table Director;
Query OK, 0 rows affected (0.02 sec)

mysql> CREATE TABLE Director(
    ->     Person_Id INTEGER NOT NULL,
    ->     Direction_Type VARCHAR(10),
    ->     Since_Year INTEGER,
    ->     PRIMARY KEY(Person_Id),
    ->     CHECK (Direction_Type IN('Music','Movie','Dance','Art')),
    ->     FOREIGN KEY(Person_Id) REFERENCES Person(Person_Id)
    -> );
Query OK, 0 rows affected (0.02 sec)

mysql> INSERT INTO Director
    -> (Person_Id, Direction_Type,Since_Year)
    -> VALUES
    ->   (59, 'Movie', 2010),
    ->   (60, 'Movie', 1994),
    ->   (84, 'Movie', 1994),
    ->   (63, 'Movie', 1995),
    ->   (69, 'Music', 1998),
    ->   (68, 'Movie', 2009),
    ->   (70, 'Movie', 2005),
    ->   (71, 'Movie', 2005),
    ->   (78, 'Movie', 2014);
Query OK, 9 rows affected (0.01 sec)
Records: 9  Duplicates: 0  Warnings: 0

mysql> CREATE TABLE Direction(
    ->     Director_Id INTEGER NOT NULL,
    ->     Show_Id INTEGER NOT NULL,
    ->     PRIMARY KEY(Director_Id,Show_Id),
    ->     FOREIGN KEY(Director_Id) REFERENCES Person(Person_Id),
    ->     FOREIGN KEY(Show_Id) REFERENCES Shows(Show_Id)
    -> );
Query OK, 0 rows affected (0.03 sec)

mysql> INSERT INTO Direction
    -> (Director_Id, Show_Id)
    -> VALUES
    ->   (3,5),
    ->   (4,4),
    ->   (7,6),
    ->   (12,7),
    ->   (13,9),
    ->   (14, 8),
    ->   (15, 8),
    ->   (22,16);
ERROR 1452 (23000): Cannot add or update a child row: a foreign key constraint fails (`moviedb`.`direction`, CONSTRAINT `direction_ibfk_1` FOREIGN KEY (`Director_Id`) REFERENCES `person` (`Person_Id`))
mysql> INSERT INTO Direction
    -> (Director_Id, Show_Id)
    -> VALUES
    ->   (59,5),
    ->   (60,4),
    ->   (63,6),
    ->   (68,7),
    ->   (69,9),
    ->   (70, 8),
    ->   (71, 8),
    ->   (78,16);
Query OK, 8 rows affected (0.00 sec)
Records: 8  Duplicates: 0  Warnings: 0

mysql> INSERT INTO Producer
    -> (Person_Id)
    -> VALUES
    ->   (59),
    ->   (60),
    ->   (63);
Query OK, 3 rows affected (0.01 sec)
Records: 3  Duplicates: 0  Warnings: 0

mysql> INSERT INTO Production_Company
    -> (Production_Company_Id, Name, Location, Address)
    -> VALUES
    ->   (1, 'Marvel Studios ', 'California', '500 S. Buena Vista Street, Burbank, California United States'),
    ->   (2, 'DC Entertainment ', null, null),
    ->   (3, 'Summit Entertainment ', 'California', null);
Query OK, 3 rows affected (0.00 sec)
Records: 3  Duplicates: 0  Warnings: 0

mysql> Select * from Production_Company;
+-----------------------+-----------------------+------------+--------------------------------------------------------------+
| Production_company_Id | Name                  | Location   | Address                                                      |
+-----------------------+-----------------------+------------+--------------------------------------------------------------+
|                     1 | Marvel Studios        | California | 500 S. Buena Vista Street, Burbank, California United States |
|                     2 | DC Entertainment      | NULL       | NULL                                                         |
|                     3 | Summit Entertainment  | California | NULL                                                         |
+-----------------------+-----------------------+------------+--------------------------------------------------------------+
3 rows in set (0.00 sec)

mysql> Select * from Shows
    -> ;
+---------+----------------------------+----------+---------+--------+---------------+-----------+--------------------+-------------------+-------+
| Show_Id | Title                      | Language | Ranking | Rating | Certification | Budget    | Release_Countries  | Locations_Made_In | VALUE |
+---------+----------------------------+----------+---------+--------+---------------+-----------+--------------------+-------------------+-------+
|       1 | The Devil Wears Prada      | English  |    NULL |    6.9 | PG-13         |  35000000 | NULL               | NULL              | U     |
|       4 | Captain America: Civil War | English  |    NULL |    7.8 | PG-13         | 250000000 | India              | NULL              | U     |
|       5 | A Quiet Place              | English  |    NULL |    7.6 | PG-13         |  17000000 | UK                 | NULL              | A     |
|       6 | Wonder Woman               | English  |    NULL |    7.5 | PG-13         | 149000000 | India,UK           | NULL              | A     |
|       7 | La La Land                 | English  |    NULL |    8.1 | PG-13         |  30000000 | India,USA          | NULL              | A     |
|       8 | Stranger Things            | English  |    NULL |    8.9 | TV-14         |      NULL | India,Australia    | NULL              | A     |
|       9 | Game of Thrones            | English  |    NULL |    9.5 | TV-MA         |      NULL | India,China        | NULL              | U     |
|      10 | Silicon Valley             | English  |    NULL |    8.6 | TV-MA         |      NULL | India,Korea        | NULL              | A     |
|      11 | Despicable Me              | English  |    NULL |    7.7 | PG            |  69000000 | India,Germany      | NULL              | U     |
|      12 | Coco                       | English  |    NULL |    8.4 | PG            | 175000000 | India,France       | NULL              | U     |
|      13 | The Office                 | English  |    NULL |    8.8 | TV-PG         |      NULL | India,USA          | NULL              | A     |
|      14 | Avengers: Infinity War     | English  |    NULL |    8.5 | PG-13         | 321000000 | India,Italy        | NULL              | U     |
|      15 | Birdman                    | English  |    NULL |    7.7 | R             |  18000000 | India,Pakistan     | NULL              | A     |
|      16 | Before We Go               | English  |    NULL |    6.8 | PG-13         |      NULL | India,Japan        | NULL              | U     |
|      17 | This is Us                 | English  |    NULL |    8.8 | TV-14         |      NULL | India,UAE          | NULL              | A     |
|      18 | A Walk to Remember         | English  |    NULL |    7.4 | PG            |  11000000 | India,Sri Lanka    | NULL              | A     |
|      19 | The Notebook               | English  |    NULL |    7.9 | PG-13         |  29000000 | India,South Africa | NULL              | U     |
+---------+----------------------------+----------+---------+--------+---------------+-----------+--------------------+-------------------+-------+
17 rows in set (0.00 sec)

mysql> INSERT INTO Produces
    -> (Production_company_Id, Show_Id)
    -> VALUES
    ->   (3,7),
    ->   (2,6),
    ->   (1,4)
    ->   (1,14);
ERROR 1064 (42000): You have an error in your SQL syntax; check the manual that corresponds to your MySQL server version for the right syntax to use near '(1,14)' at line 7
mysql> INSERT INTO Produces
    -> (Production_company_Id, Show_Id)
    -> VALUES
    ->   (3,7),
    ->   (2,6),
    ->   (1,4),
    ->   (1,14);
Query OK, 4 rows affected (0.01 sec)
Records: 4  Duplicates: 0  Warnings: 0

mysql> INSERT INTO Owns
    -> (Producer_Id, Production_company_Id)
    -> VALUES
    ->   (59,3),
    ->   (63,1);
Query OK, 2 rows affected (0.01 sec)
Records: 2  Duplicates: 0  Warnings: 0

mysql>
mysql> INSERT INTO Writer
    -> (Person_Id)
    -> VALUES
    ->   (68),
    ->   (70),
    ->   (71),
    ->   (72);
Query OK, 4 rows affected (0.00 sec)
Records: 4  Duplicates: 0  Warnings: 0

mysql> INSERT INTO Written
    -> (Writer_Id, Show_Id)
    -> VALUES
    ->   (68,7),
    ->   (70,8),
    ->   (71,8),
    ->   (72,1);
Query OK, 4 rows affected (0.01 sec)
Records: 4  Duplicates: 0  Warnings: 0

mysql> Select * From Person;
+-----------+--------+------------+-------------+-------------+------------+
| Person_Id | Gender | First_Name | Middle_Name | Last_Name   | DOB        |
+-----------+--------+------------+-------------+-------------+------------+
|        57 | F      | Meryl      | NULL        | Streep      | 1990-08-15 |
|        58 | M      | Robert     | NULL        | Downey      | 1965-04-04 |
|        59 | M      | John       | NULL        | Krasinski   | 1979-10-20 |
|        60 | M      | Anthony    | NULL        | Russo       | 1970-02-03 |
|        61 | F      | Emma       | NULL        | Stone       | 1988-11-06 |
|        62 | F      | Gal        | NULL        | Gadot       | 1985-04-30 |
|        63 | F      | Patty      | NULL        | Jenkins     | 1971-07-24 |
|        64 | M      | Peter      | NULL        | Dinklage    | 1971-07-24 |
|        65 | F      | Milly      | Bobby       | Brown       | 1971-07-24 |
|        66 | M      | Kumail     | NULL        | Nanjiani    | 1971-07-24 |
|        67 | F      | Emilia     | NULL        | Clarke      | 1971-07-24 |
|        68 | M      | Damien     | NULL        | Chazelle    | 1985-01-19 |
|        69 | M      | Ramin      | NULL        | Djawadi     | 1974-07-19 |
|        70 | M      | Matt       | NULL        | Duffer      | 1984-02-15 |
|        71 | M      | Ross       | NULL        | Duffer      | 1984-02-15 |
|        72 | M      | David      | NULL        | Russell     | 1970-08-20 |
|        73 | M      | Matthew    | NULL        | Jensen      | 2001-05-29 |
|        74 | F      | Charlotte  | Bruss       | Christensen | 1978-03-20 |
|        75 | M      | User       | NULL        | 1           | 2001-05-29 |
|        76 | F      | User       | NULL        | 2           | 1999-03-20 |
|        77 | F      | Emily      | NULL        | Blunt       | 1983-02-23 |
|        78 | M      | Chris      | NULL        | Evans       | 1981-06-13 |
|        79 | M      | Chris      | NULL        | Pine        | 1980-08-26 |
|        80 | M      | Ryan       | NULL        | Gosling     | 1980-11-12 |
|        81 | M      | Steve      | NULL        | Carell      | 1962-08-16 |
|        82 | F      | Mandy      | NULL        | Moore       | 1984-04-10 |
|        83 | M      | Tom        | NULL        | Cross       | 2001-05-29 |
|        84 | M      | Joe        | NULL        | Russo       | 1971-07-08 |
+-----------+--------+------------+-------------+-------------+------------+
28 rows in set (0.00 sec)

mysql> INSERT INTO Cinematographer
    -> (Person_Id)
    -> VALUES
    ->   (73),
    ->   (74);
Query OK, 2 rows affected (0.01 sec)
Records: 2  Duplicates: 0  Warnings: 0

mysql> INSERT INTO Shooting
    -> (Cinematographer_Id, Show_Id)
    -> VALUES
    ->   (73,6),
    ->   (74,5);
Query OK, 2 rows affected (0.01 sec)
Records: 2  Duplicates: 0  Warnings: 0

mysql> INSERT INTO Editor
    -> (Person_Id)
    -> VALUES
    ->   (83);
Query OK, 1 row affected (0.01 sec)

mysql> Select * from Shows;
+---------+----------------------------+----------+---------+--------+---------------+-----------+--------------------+-------------------+-------+
| Show_Id | Title                      | Language | Ranking | Rating | Certification | Budget    | Release_Countries  | Locations_Made_In | VALUE |
+---------+----------------------------+----------+---------+--------+---------------+-----------+--------------------+-------------------+-------+
|       1 | The Devil Wears Prada      | English  |    NULL |    6.9 | PG-13         |  35000000 | NULL               | NULL              | U     |
|       4 | Captain America: Civil War | English  |    NULL |    7.8 | PG-13         | 250000000 | India              | NULL              | U     |
|       5 | A Quiet Place              | English  |    NULL |    7.6 | PG-13         |  17000000 | UK                 | NULL              | A     |
|       6 | Wonder Woman               | English  |    NULL |    7.5 | PG-13         | 149000000 | India,UK           | NULL              | A     |
|       7 | La La Land                 | English  |    NULL |    8.1 | PG-13         |  30000000 | India,USA          | NULL              | A     |
|       8 | Stranger Things            | English  |    NULL |    8.9 | TV-14         |      NULL | India,Australia    | NULL              | A     |
|       9 | Game of Thrones            | English  |    NULL |    9.5 | TV-MA         |      NULL | India,China        | NULL              | U     |
|      10 | Silicon Valley             | English  |    NULL |    8.6 | TV-MA         |      NULL | India,Korea        | NULL              | A     |
|      11 | Despicable Me              | English  |    NULL |    7.7 | PG            |  69000000 | India,Germany      | NULL              | U     |
|      12 | Coco                       | English  |    NULL |    8.4 | PG            | 175000000 | India,France       | NULL              | U     |
|      13 | The Office                 | English  |    NULL |    8.8 | TV-PG         |      NULL | India,USA          | NULL              | A     |
|      14 | Avengers: Infinity War     | English  |    NULL |    8.5 | PG-13         | 321000000 | India,Italy        | NULL              | U     |
|      15 | Birdman                    | English  |    NULL |    7.7 | R             |  18000000 | India,Pakistan     | NULL              | A     |
|      16 | Before We Go               | English  |    NULL |    6.8 | PG-13         |      NULL | India,Japan        | NULL              | U     |
|      17 | This is Us                 | English  |    NULL |    8.8 | TV-14         |      NULL | India,UAE          | NULL              | A     |
|      18 | A Walk to Remember         | English  |    NULL |    7.4 | PG            |  11000000 | India,Sri Lanka    | NULL              | A     |
|      19 | The Notebook               | English  |    NULL |    7.9 | PG-13         |  29000000 | India,South Africa | NULL              | U     |
+---------+----------------------------+----------+---------+--------+---------------+-----------+--------------------+-------------------+-------+
17 rows in set (0.00 sec)

mysql> INSERT INTO Editing
    -> (Editor_Id, Show_Id, Software_used)
    -> VALUES
    ->   (83,7,'Adobe');
Query OK, 1 row affected (0.01 sec)

mysql> INSERT INTO Distributor
    -> (Person_Id)
    -> VALUES
    ->   (59),
    ->   (60),
    ->   (63);
Query OK, 3 rows affected (0.01 sec)
Records: 3  Duplicates: 0  Warnings: 0

mysql> INSERT INTO Distributing
    -> (Distributor_Id, Show_Id)
    -> VALUES
    ->   (59,5),
    ->   (60,4),
    ->   (63,6);
Query OK, 3 rows affected (0.01 sec)
Records: 3  Duplicates: 0  Warnings: 0

mysql> INSERT INTO User
    -> (Person_Id, User_Id)
    -> VALUES
    ->   (75, 'ItsKK29'),
    ->   (76, 'prisoner627');
Query OK, 2 rows affected (0.01 sec)
Records: 2  Duplicates: 0  Warnings: 0

mysql> INSERT INTO Critic
    -> (Person_Id, User_Id)
    -> VALUES
    ->  (75, 'ItsKK29');
Query OK, 1 row affected (0.01 sec)

mysql> INSERT INTO Regular_User
    -> (Person_Id, User_Id)
    -> VALUES
    ->   (76, 'prisoner627');
Query OK, 1 row affected (0.01 sec)

mysql> desc Reviews;
+--------------------+----------------+------+-----+---------+-------+
| Field              | Type           | Null | Key | Default | Extra |
+--------------------+----------------+------+-----+---------+-------+
| Review_Id          | int            | NO   | PRI | NULL    |       |
| User_Id            | varchar(30)    | NO   | MUL | NULL    |       |
| Show_Id            | int            | NO   |     | NULL    |       |
| UP_Votes           | int            | YES  |     | NULL    |       |
| Down_Votes         | int            | YES  |     | NULL    |       |
| Rating             | float          | YES  |     | NULL    |       |
| Review_Description | varchar(16300) | YES  |     | NULL    |       |
| Reviwed_Date       | date           | YES  |     | NULL    |       |
+--------------------+----------------+------+-----+---------+-------+
8 rows in set (0.01 sec)

mysql> INSERT INTO Reviews
    ->   (Review_Id, User_Id, Show_Id, UP_Votes, Down_Votes, Rating, Review_Description, Reviwed_Date)
    -> VALUES
    ->   (1,'prisoner627', 1, 5, 0, 4.5, 'very good movie, mush watch',  '2021-11-24'),
    ->   (2, 'ItsKK29', 6, 5, 0, 3.5, 'the best female superhero movie of all timer',  '2021-11-24'),
    ->   (3, 'ItsKK29', 8, 5, 0, 5, 'the show keeps you insanely captivated throughout',  '2021-11-24'),
    ->   (4, 'prisoner627', 4, 5, 0, 5, 'the best marvel movie so far',  '2021-11-24');
Query OK, 4 rows affected (0.01 sec)
Records: 4  Duplicates: 0  Warnings: 0

mysql> INSERT INTO Movies
    -> (Show_Id, Duration, Release_Date, Year)
    -> VALUES
    -> (1, 109, '2006-06-30', 2006),
    -> (4, 147, '2016-05-06', 2016),
    -> (5, 90, '2018-04-06', 2018),
    -> (6, 141, '2017-06-02', 2017),
    -> (7, 128, '2016-12-25', 2016),
    -> (11, 95, '2010-07-09', 2010),
    -> (12, 105, '2017-11-22', 2017),
    -> (14, 149, '2018-04-27', 2018),
    -> (15, 119, '2014-11-14', 2014),
    -> (16, 95, '2015-07-21', 2015),
    -> (17, 102, '2002-01-25', 2002),
    -> (18, 124, '2004-06-25', 2004);
Query OK, 12 rows affected (0.01 sec)
Records: 12  Duplicates: 0  Warnings: 0

mysql> INSERT INTO Box_Office_Collections
    -> (Movie_Id, First_Week_Collections, Overall_USA_Collections, Overall_Worldwide_Collections, Currency)
    -> VALUES
    -> (1, 27537244, 124740460, 326551094, 'Dollars'),
    -> (4, 179139142, 408084349,1153304495, 'Dollars'),
    -> (5, 50203562, 188024361,332583447, 'Dollars'),
    -> (6, 103251471, 412563408, 821763408, 'Dollars'),
    -> (7, 881104, 151101803, 44609357, 'Dollars'),
    -> (11, 56397125, 251513985, 543113985, 'Dollars'),
    -> (12, 50802605, 209726015, 807082196, 'Dollars'),
    -> (14, 257698183, 678815482, 2046900111, 'Dollars'),
    -> (15, 424397, 42340598, 103215094, 'Dollars'),
    -> (16, 3225, 37047, null, 'Dollars'),
    -> (17, 12177488, 41227069, null, 'Dollars'),
    -> (19, 13464745, 81001787, 116072707, 'Dollars');
ERROR 1452 (23000): Cannot add or update a child row: a foreign key constraint fails (`moviedb`.`box_office_collections`, CONSTRAINT `box_office_collections_ibfk_1` FOREIGN KEY (`Movie_Id`) REFERENCES `movies` (`Show_Id`) ON DELETE CASCADE)
mysql> Drop table Movies;
ERROR 3730 (HY000): Cannot drop table 'movies' referenced by a foreign key constraint 'box_office_collections_ibfk_1' on table 'box_office_collections'.
mysql> Drop table Box_Office_Collections;
Query OK, 0 rows affected (0.02 sec)

mysql> Drop table Movies;
Query OK, 0 rows affected (0.01 sec)

mysql> CREATE TABLE Movies(
    ->     Show_Id INTEGER NOT NULL,
    ->     Duration FLOAT,
    ->     Release_Date DATE,
    ->     Year INTEGER,
    ->     PRIMARY KEY(Show_Id),
    ->     FOREIGN KEY(Show_Id) REFERENCES Shows(Show_Id)
    -> );
Query OK, 0 rows affected (0.02 sec)

mysql> INSERT INTO Movies
    -> (Show_Id, Duration, Release_Date, Year)
    -> VALUES
    -> (1, 109, '2006-06-30', 2006),
    -> (4, 147, '2016-05-06', 2016),
    -> (5, 90, '2018-04-06', 2018),
    -> (6, 141, '2017-06-02', 2017),
    -> (7, 128, '2016-12-25', 2016),
    -> (11, 95, '2010-07-09', 2010),
    -> (12, 105, '2017-11-22', 2017),
    -> (14, 149, '2018-04-27', 2018),
    -> (15, 119, '2014-11-14', 2014),
    -> (16, 95, '2015-07-21', 2015),
    -> (17, 102, '2002-01-25', 2002),
    -> (18, 124, '2004-06-25', 2004);
Query OK, 12 rows affected (0.00 sec)
Records: 12  Duplicates: 0  Warnings: 0

mysql>
mysql> CREATE TABLE Box_Office_Collections(
    ->     Movie_Id INTEGER NOT NULL,
    ->     First_Week_Collections FLOAT,
    ->     Overall_USA_Collections FLOAT,
    ->     Overall_Worldwide_Collections FLOAT,
    ->     Currency VARCHAR(10),
    ->     PRIMARY KEY(Movie_Id),
    ->     FOREIGN KEY(Movie_Id) REFERENCES Movies(Show_Id)
    -> );
Query OK, 0 rows affected (0.02 sec)

mysql> INSERT INTO Box_Office_Collections
    -> (Movie_Id, First_Week_Collections, Overall_USA_Collections, Overall_Worldwide_Collections, Currency)
    -> VALUES
    -> (1, 27537244, 124740460, 326551094, 'Dollars'),
    -> (4, 179139142, 408084349,1153304495, 'Dollars'),
    -> (5, 50203562, 188024361,332583447, 'Dollars'),
    -> (6, 103251471, 412563408, 821763408, 'Dollars'),
    -> (7, 881104, 151101803, 44609357, 'Dollars'),
    -> (11, 56397125, 251513985, 543113985, 'Dollars'),
    -> (12, 50802605, 209726015, 807082196, 'Dollars'),
    -> (14, 257698183, 678815482, 2046900111, 'Dollars'),
    -> (15, 424397, 42340598, 103215094, 'Dollars'),
    -> (16, 3225, 37047, null, 'Dollars'),
    -> (17, 12177488, 41227069, null, 'Dollars'),
    -> (19, 13464745, 81001787, 116072707, 'Dollars');
ERROR 1452 (23000): Cannot add or update a child row: a foreign key constraint fails (`moviedb`.`box_office_collections`, CONSTRAINT `box_office_collections_ibfk_1` FOREIGN KEY (`Movie_Id`) REFERENCES `movies` (`Show_Id`))
mysql> Drop table Box_Office_Collections;
Query OK, 0 rows affected (0.01 sec)

mysql> Drop table Movies;
Query OK, 0 rows affected (0.01 sec)

mysql> CREATE TABLE Movies(
    ->     Show_Id INTEGER NOT NULL,
    ->     Duration FLOAT,
    ->     Release_Date DATE,
    ->     Year INTEGER,
    ->     PRIMARY KEY(Show_Id),
    ->     FOREIGN KEY(Show_Id) REFERENCES Shows(Show_Id)
    -> );
Query OK, 0 rows affected (0.02 sec)

mysql> INSERT INTO Movies
    -> (Show_Id, Duration, Release_Date, Year)
    -> VALUES
    -> (1, 109, '2006-06-30', 2006),
    -> (4, 147, '2016-05-06', 2016),
    -> (5, 90, '2018-04-06', 2018),
    -> (6, 141, '2017-06-02', 2017),
    -> (7, 128, '2016-12-25', 2016),
    -> (11, 95, '2010-07-09', 2010),
    -> (12, 105, '2017-11-22', 2017),
    -> (14, 149, '2018-04-27', 2018),
    -> (15, 119, '2014-11-14', 2014),
    -> (16, 95, '2015-07-21', 2015),
    -> (17, 102, '2002-01-25', 2002),
    -> (18, 124, '2004-06-25', 2004);
Query OK, 12 rows affected (0.01 sec)
Records: 12  Duplicates: 0  Warnings: 0

mysql> CREATE TABLE Box_Office_Collections(
    ->     Movie_Id INTEGER NOT NULL,
    ->     First_Week_Collections FLOAT,
    ->     Overall_USA_Collections FLOAT,
    ->     Overall_Worldwide_Collections FLOAT,
    ->     Currency VARCHAR(10),
    ->     PRIMARY KEY(Movie_Id),
    ->     FOREIGN KEY(Movie_Id) REFERENCES Shows(Show_Id)
    -> );
Query OK, 0 rows affected (0.02 sec)

mysql> INSERT INTO Box_Office_Collections
    -> (Movie_Id, First_Week_Collections, Overall_USA_Collections, Overall_Worldwide_Collections, Currency)
    -> VALUES
    -> (1, 27537244, 124740460, 326551094, 'Dollars'),
    -> (4, 179139142, 408084349,1153304495, 'Dollars'),
    -> (5, 50203562, 188024361,332583447, 'Dollars'),
    -> (6, 103251471, 412563408, 821763408, 'Dollars'),
    -> (7, 881104, 151101803, 44609357, 'Dollars'),
    -> (11, 56397125, 251513985, 543113985, 'Dollars'),
    -> (12, 50802605, 209726015, 807082196, 'Dollars'),
    -> (14, 257698183, 678815482, 2046900111, 'Dollars'),
    -> (15, 424397, 42340598, 103215094, 'Dollars'),
    -> (16, 3225, 37047, null, 'Dollars'),
    -> (17, 12177488, 41227069, null, 'Dollars'),
    -> (19, 13464745, 81001787, 116072707, 'Dollars');
Query OK, 12 rows affected (0.01 sec)
Records: 12  Duplicates: 0  Warnings: 0

mysql> INSERT INTO TVSeries
    -> (Show_Id, Start_Date, End_Date, Air_Channel, Air_Day, Air_Time)
    -> VALUES
    -> (8, '2016-07-15', null, 'Netflix', null, null),
    -> (9, '2011-04-11', null, 'HBO', 'Sunday', '21:00:00'),
    -> (10, '2014-04-06', null, 'HBO', 'Sunday', null),
    -> (13, '2016-09-20', null, 'NBC', 'Tuesday', '21:00:00'),
    -> (17, '2005-03-24', '2013-05-16', 'NBC', 'Thursday', null);
Query OK, 5 rows affected (0.01 sec)
Records: 5  Duplicates: 0  Warnings: 0

mysql> INSERT INTO Seasons
    -> (Season_Id, Season_Name, Start_Date, End_Date, Season_number, Show_Id)
    -> VALUES
    -> (1, null,  '2016-07-15', null, 1, 6),
    -> (4, null,  '2017-10-27', null, 2, 6),
    -> (5, null,  '2011-04-17',  '2011-06-19', 1, 7),
    -> (6, null,  '2012-04-01',  '2012-06-03', 2, 7),
    -> (7, null,  '2013-03-31',  '2013-06-09', 3, 7),
    -> (8, null,  '2014-04-06',  '2014-06-15', 4, 7),
    -> (9, null,  '2015-04-12',  '2015-06-14', 5, 7),
    -> (10, null,  '2016-04-24',  '2016-06-26', 6, 7),
    -> (11, null,  '2017-07-16',  '2017-08-27', 7, 7),
    -> (12, null,  '2014-06-16',  '2014-06-01', 1, 8),
    -> (13, null,  '2015-04-16',  '2015-06-14', 2, 8),
    -> (14, null,  '2016-24-16',  '2016-06-26', 3, 8),
    -> (15, null,  '2017-23-16',  '2017-06-25', 4, 8),
    -> (16, null,  '2018-25-15',  '2018-05-13', 5, 8);
ERROR 1292 (22007): Incorrect date value: '2016-24-16' for column 'Start_date' at row 12
mysql> INSERT INTO Seasons
    -> (Season_Id, Season_Name, Start_Date, End_Date, Season_number, Show_Id)
    -> VALUES
    -> (1, null,  '2016-07-15', null, 1, 6),
    -> (4, null,  '2017-10-27', null, 2, 6),
    -> (5, null,  '2011-04-17',  '2011-06-19', 1, 7),
    -> (6, null,  '2012-04-01',  '2012-06-03', 2, 7),
    -> (7, null,  '2013-03-31',  '2013-06-09', 3, 7),
    -> (8, null,  '2014-04-06',  '2014-06-15', 4, 7),
    -> (9, null,  '2015-04-12',  '2015-06-14', 5, 7),
    -> (10, null,  '2016-04-24',  '2016-06-26', 6, 7),
    -> (11, null,  '2017-07-16',  '2017-08-27', 7, 7),
    -> (12, null,  '2014-06-16',  '2014-06-01', 1, 8),
    -> (13, null,  '2015-04-16',  '2015-06-14', 2, 8),
    -> (14, null,  '2016-04-16',  '2016-06-26', 3, 8),
    -> (15, null,  '2017-23-16',  '2017-06-25', 4, 8),
    -> (16, null,  '2018-25-15',  '2018-05-13', 5, 8);
ERROR 1292 (22007): Incorrect date value: '2017-23-16' for column 'Start_date' at row 13
mysql> INSERT INTO Seasons
    -> (Season_Id, Season_Name, Start_Date, End_Date, Season_number, Show_Id)
    -> VALUES
    -> (1, null,  '2016-07-15', null, 1, 6),
    -> (4, null,  '2017-10-27', null, 2, 6),
    -> (5, null,  '2011-04-17',  '2011-06-19', 1, 7),
    -> (6, null,  '2012-04-01',  '2012-06-03', 2, 7),
    -> (7, null,  '2013-03-31',  '2013-06-09', 3, 7),
    -> (8, null,  '2014-04-06',  '2014-06-15', 4, 7),
    -> (9, null,  '2015-04-12',  '2015-06-14', 5, 7),
    -> (10, null,  '2016-04-24',  '2016-06-26', 6, 7),
    -> (11, null,  '2017-07-16',  '2017-08-27', 7, 7),
    -> (12, null,  '2014-06-16',  '2014-06-01', 1, 8),
    -> (13, null,  '2015-04-16',  '2015-06-14', 2, 8),
    -> (14, null,  '2016-04-16',  '2016-06-26', 3, 8),
    -> (15, null,  '2017-03-16',  '2017-06-25', 4, 8),
    -> (16, null,  '2018-05-15',  '2018-05-13', 5, 8);
Query OK, 14 rows affected (0.00 sec)
Records: 14  Duplicates: 0  Warnings: 0

mysql> INSERT INTO Episodes
    -> (Episode_Id, Episode_Title, Air_Date, Duration, Season_ID)
    -> VALUES
    -> (1, null,  '2016-07-15', null, 6),
    -> (2, null,  '2017-10-27', null, 6),
    -> (3, null,  '2011-04-17',  20,  7),
    -> (4, null,  '2012-04-01',  20,  7),
    -> (5, null,  '2013-03-31',  20,  7),
    -> (6, null,  '2014-04-06',  22,  7),
    -> (7, null,  '2015-04-12',  31,  7),
    -> (8, null,  '2016-04-24',  55,  7),
    -> (9, null,  '2017-07-16',  10,  7),
    -> (10, null,  '2014-06-16',  44, 8),
    -> (11, null,  '2015-04-16',  16, 8),
    -> (12, null,  '2016-04-16',  33, 8),
    -> (13, null,  '2017-03-16',  23, 8),
    -> (14, null,  '2018-05-15',  45, 8);
Query OK, 14 rows affected (0.01 sec)
Records: 14  Duplicates: 0  Warnings: 0

mysql>